Experimento GLS/GFLS
Instâncias: 94 | repetições: 3 | orçamentos: 0.55s por variante

=== Orçamento 0.55 s ===

Instância 1 | ótimo 100 | inicial 1103
  rep 1 | I=0 S=0 L=1 R=1               custo   104 | GAP 4.00% | rodadas 461
  rep 2 | I=0 S=0 L=1 R=1               custo 104.00 | GAP 4.00% | rodadas 472
  rep 3 | I=0 S=0 L=1 R=1               custo 104.00 | GAP 4.00% | rodadas 441

Instância 5 | ótimo 100 | inicial 1045.00
  rep 1 | I=0 S=0 L=1 R=1               custo 121.00 | GAP 21.00% | rodadas 477
  rep 2 | I=0 S=0 L=1 R=1               custo 121.00 | GAP 21.00% | rodadas 469
  rep 3 | I=0 S=0 L=1 R=1               custo 121.00 | GAP 21.00% | rodadas 496

Instância 7 | ótimo 100 | inicial 1051.00
  rep 1 | I=0 S=0 L=1 R=1               custo 112.00 | GAP 12.00% | rodadas 406
  rep 2 | I=0 S=0 L=1 R=1               custo 112.00 | GAP 12.00% | rodadas 398
  rep 3 | I=0 S=0 L=1 R=1               custo 112.00 | GAP 12.00% | rodadas 395

Instância 8 | ótimo 101 | inicial 1104.00
  rep 1 | I=0 S=0 L=1 R=1               custo 102.00 | GAP 0.99% | rodadas 531
  rep 2 | I=0 S=0 L=1 R=1               custo 102.00 | GAP 0.99% | rodadas 557
  rep 3 | I=0 S=0 L=1 R=1               custo 102.00 | GAP 0.99% | rodadas 545

Instância 11 | ótimo 100 | inicial 1131.00
  rep 1 | I=0 S=0 L=1 R=1               custo 119.00 | GAP 19.00% | rodadas 437
  rep 2 | I=0 S=0 L=1 R=1               custo 119.00 | GAP 19.00% | rodadas 425
  rep 3 | I=0 S=0 L=1 R=1               custo 119.00 | GAP 19.00% | rodadas 407

Instância 13 | ótimo 101 | inicial 1042.00
  rep 1 | I=0 S=0 L=1 R=1               custo 107.00 | GAP 5.94% | rodadas 403
  rep 2 | I=0 S=0 L=1 R=1               custo 107.00 | GAP 5.94% | rodadas 413
  rep 3 | I=0 S=0 L=1 R=1               custo 107.00 | GAP 5.94% | rodadas 429

Instância 14 | ótimo 101 | inicial 993.00
  rep 1 | I=0 S=0 L=1 R=1               custo 113.00 | GAP 11.88% | rodadas 460
  rep 2 | I=0 S=0 L=1 R=1               custo 113.00 | GAP 11.88% | rodadas 465
  rep 3 | I=0 S=0 L=1 R=1               custo 113.00 | GAP 11.88% | rodadas 463

Instância 15 | ótimo 100 | inicial 988.00
  rep 1 | I=0 S=0 L=1 R=1               custo 105.00 | GAP 5.00% | rodadas 476
  rep 2 | I=0 S=0 L=1 R=1               custo 105.00 | GAP 5.00% | rodadas 496
  rep 3 | I=0 S=0 L=1 R=1               custo 105.00 | GAP 5.00% | rodadas 480

Instância 17 | ótimo 100 | inicial 1102.00
  rep 1 | I=0 S=0 L=1 R=1               custo 106.00 | GAP 6.00% | rodadas 430
  rep 2 | I=0 S=0 L=1 R=1               custo 106.00 | GAP 6.00% | rodadas 451
  rep 3 | I=0 S=0 L=1 R=1               custo 106.00 | GAP 6.00% | rodadas 419

Instância 19 | ótimo 102 | inicial 1029.00
  rep 1 | I=0 S=0 L=1 R=1               custo 118.00 | GAP 15.69% | rodadas 450
  rep 2 | I=0 S=0 L=1 R=1               custo 118.00 | GAP 15.69% | rodadas 455
  rep 3 | I=0 S=0 L=1 R=1               custo 118.00 | GAP 15.69% | rodadas 448

Instância 21 | ótimo 101 | inicial 1134.00
  rep 1 | I=0 S=0 L=1 R=1               custo 106.00 | GAP 4.95% | rodadas 462
  rep 2 | I=0 S=0 L=1 R=1               custo 106.00 | GAP 4.95% | rodadas 466
  rep 3 | I=0 S=0 L=1 R=1               custo 106.00 | GAP 4.95% | rodadas 465

Instância 22 | ótimo 101 | inicial 1069.00
  rep 1 | I=0 S=0 L=1 R=1               custo 108.00 | GAP 6.93% | rodadas 456
  rep 2 | I=0 S=0 L=1 R=1               custo 108.00 | GAP 6.93% | rodadas 457
  rep 3 | I=0 S=0 L=1 R=1               custo 108.00 | GAP 6.93% | rodadas 461

Instância 23 | ótimo 100 | inicial 1070.00
  rep 1 | I=0 S=0 L=1 R=1               custo 113.00 | GAP 13.00% | rodadas 502
  rep 2 | I=0 S=0 L=1 R=1               custo 113.00 | GAP 13.00% | rodadas 496
  rep 3 | I=0 S=0 L=1 R=1               custo 113.00 | GAP 13.00% | rodadas 489

Instância 24 | ótimo 102 | inicial 1062.00
  rep 1 | I=0 S=0 L=1 R=1               custo 108.00 | GAP 5.88% | rodadas 502
  rep 2 | I=0 S=0 L=1 R=1               custo 108.00 | GAP 5.88% | rodadas 496
  rep 3 | I=0 S=0 L=1 R=1               custo 108.00 | GAP 5.88% | rodadas 489

Instância 25 | ótimo 103 | inicial 1062.00
  rep 1 | I=0 S=0 L=1 R=1               custo 109.00 | GAP 5.83% | rodadas 518
  rep 2 | I=0 S=0 L=1 R=1               custo 109.00 | GAP 5.83% | rodadas 517
  rep 3 | I=0 S=0 L=1 R=1               custo 109.00 | GAP 5.83% | rodadas 524

Instância 28 | ótimo 102 | inicial 1085.00
  rep 1 | I=0 S=0 L=1 R=1               custo 152.00 | GAP 49.02% | rodadas 450
  rep 2 | I=0 S=0 L=1 R=1               custo 152.00 | GAP 49.02% | rodadas 450
  rep 3 | I=0 S=0 L=1 R=1               custo 152.00 | GAP 49.02% | rodadas 420

Instância 29 | ótimo 101 | inicial 926.00
  rep 1 | I=0 S=0 L=1 R=1               custo 109.00 | GAP 7.92% | rodadas 421
  rep 2 | I=0 S=0 L=1 R=1               custo 109.00 | GAP 7.92% | rodadas 429
  rep 3 | I=0 S=0 L=1 R=1               custo 109.00 | GAP 7.92% | rodadas 431

Instância 30 | ótimo 102 | inicial 1103.00
  rep 1 | I=0 S=0 L=1 R=1               custo 104.00 | GAP 1.96% | rodadas 528
  rep 2 | I=0 S=0 L=1 R=1               custo 104.00 | GAP 1.96% | rodadas 529
  rep 3 | I=0 S=0 L=1 R=1               custo 104.00 | GAP 1.96% | rodadas 536

Instância 31 | ótimo 100 | inicial 1060.00
  rep 1 | I=0 S=0 L=1 R=1               custo 100.00 | GAP 0.00% | rodadas 30
  rep 2 | I=0 S=0 L=1 R=1               custo 100.00 | GAP 0.00% | rodadas 30
  rep 3 | I=0 S=0 L=1 R=1               custo 100.00 | GAP 0.00% | rodadas 30

Instância 33 | ótimo 100 | inicial 1097.00
  rep 1 | I=0 S=0 L=1 R=1               custo 106.00 | GAP 6.00% | rodadas 441
  rep 2 | I=0 S=0 L=1 R=1               custo 106.00 | GAP 6.00% | rodadas 442
  rep 3 | I=0 S=0 L=1 R=1               custo 106.00 | GAP 6.00% | rodadas 442

Instância 35 | ótimo 101 | inicial 1031.00
  rep 1 | I=0 S=0 L=1 R=1               custo 118.00 | GAP 16.83% | rodadas 378
  rep 2 | I=0 S=0 L=1 R=1               custo 118.00 | GAP 16.83% | rodadas 380
  rep 3 | I=0 S=0 L=1 R=1               custo 118.00 | GAP 16.83% | rodadas 374

Instância 40 | ótimo 101 | inicial 1081.00
  rep 1 | I=0 S=0 L=1 R=1               custo 116.00 | GAP 14.85% | rodadas 489
  rep 2 | I=0 S=0 L=1 R=1               custo 116.00 | GAP 14.85% | rodadas 486
  rep 3 | I=0 S=0 L=1 R=1               custo 116.00 | GAP 14.85% | rodadas 480

Instância 41 | ótimo 101 | inicial 1113.00
  rep 1 | I=0 S=0 L=1 R=1               custo 102.00 | GAP 0.99% | rodadas 564
  rep 2 | I=0 S=0 L=1 R=1               custo 102.00 | GAP 0.99% | rodadas 568
  rep 3 | I=0 S=0 L=1 R=1               custo 102.00 | GAP 0.99% | rodadas 559

Instância 42 | ótimo 100 | inicial 1032.00
  rep 1 | I=0 S=0 L=1 R=1               custo 110.00 | GAP 10.00% | rodadas 417
  rep 2 | I=0 S=0 L=1 R=1               custo 110.00 | GAP 10.00% | rodadas 419
  rep 3 | I=0 S=0 L=1 R=1               custo 110.00 | GAP 10.00% | rodadas 406

Instância 43 | ótimo 100 | inicial 1013.00
  rep 1 | I=0 S=0 L=1 R=1               custo 110.00 | GAP 10.00% | rodadas 452
  rep 2 | I=0 S=0 L=1 R=1               custo 110.00 | GAP 10.00% | rodadas 453
  rep 3 | I=0 S=0 L=1 R=1               custo 110.00 | GAP 10.00% | rodadas 444

Instância 44 | ótimo 101 | inicial 1023.00
  rep 1 | I=0 S=0 L=1 R=1               custo 111.00 | GAP 9.90% | rodadas 419
  rep 2 | I=0 S=0 L=1 R=1               custo 111.00 | GAP 9.90% | rodadas 420
  rep 3 | I=0 S=0 L=1 R=1               custo 111.00 | GAP 9.90% | rodadas 418

Instância 45 | ótimo 100 | inicial 1109.00
  rep 1 | I=0 S=0 L=1 R=1               custo 107.00 | GAP 7.00% | rodadas 415
  rep 2 | I=0 S=0 L=1 R=1               custo 107.00 | GAP 7.00% | rodadas 430
  rep 3 | I=0 S=0 L=1 R=1               custo 107.00 | GAP 7.00% | rodadas 423

Instância 47 | ótimo 100 | inicial 1035.00
  rep 1 | I=0 S=0 L=1 R=1               custo 110.00 | GAP 10.00% | rodadas 430
  rep 2 | I=0 S=0 L=1 R=1               custo 110.00 | GAP 10.00% | rodadas 446
  rep 3 | I=0 S=0 L=1 R=1               custo 110.00 | GAP 10.00% | rodadas 443

Instância 48 | ótimo 101 | inicial 1074.00
  rep 1 | I=0 S=0 L=1 R=1               custo 101.00 | GAP 0.00% | rodadas 30
  rep 2 | I=0 S=0 L=1 R=1               custo 101.00 | GAP 0.00% | rodadas 30
  rep 3 | I=0 S=0 L=1 R=1               custo 101.00 | GAP 0.00% | rodadas 30

Instância 50 | ótimo 100 | inicial 1003.00
  rep 1 | I=0 S=0 L=1 R=1               custo 107.00 | GAP 7.00% | rodadas 486
  rep 2 | I=0 S=0 L=1 R=1               custo 107.00 | GAP 7.00% | rodadas 483
  rep 3 | I=0 S=0 L=1 R=1               custo 107.00 | GAP 7.00% | rodadas 468

Instância 51 | ótimo 100 | inicial 1002.00
  rep 1 | I=0 S=0 L=1 R=1               custo 101.00 | GAP 1.00% | rodadas 537
  rep 2 | I=0 S=0 L=1 R=1               custo 101.00 | GAP 1.00% | rodadas 541
  rep 3 | I=0 S=0 L=1 R=1               custo 101.00 | GAP 1.00% | rodadas 549

Instância 52 | ótimo 101 | inicial 985.00
  rep 1 | I=0 S=0 L=1 R=1               custo 104.00 | GAP 2.97% | rodadas 506
  rep 2 | I=0 S=0 L=1 R=1               custo 104.00 | GAP 2.97% | rodadas 511
  rep 3 | I=0 S=0 L=1 R=1               custo 104.00 | GAP 2.97% | rodadas 523

Instância 54 | ótimo 100 | inicial 1041.00
  rep 1 | I=0 S=0 L=1 R=1               custo 101.00 | GAP 1.00% | rodadas 581
  rep 2 | I=0 S=0 L=1 R=1               custo 101.00 | GAP 1.00% | rodadas 582
  rep 3 | I=0 S=0 L=1 R=1               custo 101.00 | GAP 1.00% | rodadas 562

Instância 56 | ótimo 101 | inicial 1000.00
  rep 1 | I=0 S=0 L=1 R=1               custo 103.00 | GAP 1.98% | rodadas 525
  rep 2 | I=0 S=0 L=1 R=1               custo 103.00 | GAP 1.98% | rodadas 502
  rep 3 | I=0 S=0 L=1 R=1               custo 103.00 | GAP 1.98% | rodadas 532

Instância 57 | ótimo 100 | inicial 1048.00
  rep 1 | I=0 S=0 L=1 R=1               custo 100.00 | GAP 0.00% | rodadas 30
  rep 2 | I=0 S=0 L=1 R=1               custo 100.00 | GAP 0.00% | rodadas 30
  rep 3 | I=0 S=0 L=1 R=1               custo 100.00 | GAP 0.00% | rodadas 30

Instância 58 | ótimo 100 | inicial 987.00
  rep 1 | I=0 S=0 L=1 R=1               custo 109.00 | GAP 9.00% | rodadas 420
  rep 2 | I=0 S=0 L=1 R=1               custo 109.00 | GAP 9.00% | rodadas 428
  rep 3 | I=0 S=0 L=1 R=1               custo 109.00 | GAP 9.00% | rodadas 441

Instância 60 | ótimo 100 | inicial 1064.00
  rep 1 | I=0 S=0 L=1 R=1               custo 103.00 | GAP 3.00% | rodadas 482
  rep 2 | I=0 S=0 L=1 R=1               custo 103.00 | GAP 3.00% | rodadas 497
  rep 3 | I=0 S=0 L=1 R=1               custo 103.00 | GAP 3.00% | rodadas 483

Instância 61 | ótimo 101 | inicial 1095.00
  rep 1 | I=0 S=0 L=1 R=1               custo 108.00 | GAP 6.93% | rodadas 480
  rep 2 | I=0 S=0 L=1 R=1               custo 108.00 | GAP 6.93% | rodadas 477
  rep 3 | I=0 S=0 L=1 R=1               custo 108.00 | GAP 6.93% | rodadas 458

Instância 63 | ótimo 100 | inicial 989.00
  rep 1 | I=0 S=0 L=1 R=1               custo 108.00 | GAP 8.00% | rodadas 423
  rep 2 | I=0 S=0 L=1 R=1               custo 108.00 | GAP 8.00% | rodadas 421
  rep 3 | I=0 S=0 L=1 R=1               custo 108.00 | GAP 8.00% | rodadas 421

Instância 64 | ótimo 100 | inicial 1018.00
  rep 1 | I=0 S=0 L=1 R=1               custo 102.00 | GAP 2.00% | rodadas 535
  rep 2 | I=0 S=0 L=1 R=1               custo 102.00 | GAP 2.00% | rodadas 527
  rep 3 | I=0 S=0 L=1 R=1               custo 102.00 | GAP 2.00% | rodadas 532

Instância 65 | ótimo 100 | inicial 1073.00
  rep 1 | I=0 S=0 L=1 R=1               custo 116.00 | GAP 16.00% | rodadas 361
  rep 2 | I=0 S=0 L=1 R=1               custo 116.00 | GAP 16.00% | rodadas 361
  rep 3 | I=0 S=0 L=1 R=1               custo 116.00 | GAP 16.00% | rodadas 363

Instância 67 | ótimo 100 | inicial 1110.00
  rep 1 | I=0 S=0 L=1 R=1               custo 102.00 | GAP 2.00% | rodadas 452
  rep 2 | I=0 S=0 L=1 R=1               custo 102.00 | GAP 2.00% | rodadas 481
  rep 3 | I=0 S=0 L=1 R=1               custo 102.00 | GAP 2.00% | rodadas 480

Instância 73 | ótimo 102 | inicial 958.00
  rep 1 | I=0 S=0 L=1 R=1               custo 113.00 | GAP 10.78% | rodadas 411
  rep 2 | I=0 S=0 L=1 R=1               custo 113.00 | GAP 10.78% | rodadas 421
  rep 3 | I=0 S=0 L=1 R=1               custo 113.00 | GAP 10.78% | rodadas 395

Instância 74 | ótimo 100 | inicial 1047.00
  rep 1 | I=0 S=0 L=1 R=1               custo 100.00 | GAP 0.00% | rodadas 90
  rep 2 | I=0 S=0 L=1 R=1               custo 100.00 | GAP 0.00% | rodadas 90
  rep 3 | I=0 S=0 L=1 R=1               custo 100.00 | GAP 0.00% | rodadas 90

Instância 75 | ótimo 100 | inicial 1008.00
  rep 1 | I=0 S=0 L=1 R=1               custo 100.00 | GAP 0.00% | rodadas 30
  rep 2 | I=0 S=0 L=1 R=1               custo 100.00 | GAP 0.00% | rodadas 30
  rep 3 | I=0 S=0 L=1 R=1               custo 100.00 | GAP 0.00% | rodadas 30

Instância 76 | ótimo 100 | inicial 996.00
  rep 1 | I=0 S=0 L=1 R=1               custo 113.00 | GAP 13.00% | rodadas 423
  rep 2 | I=0 S=0 L=1 R=1               custo 113.00 | GAP 13.00% | rodadas 434
  rep 3 | I=0 S=0 L=1 R=1               custo 113.00 | GAP 13.00% | rodadas 435

Instância 77 | ótimo 103 | inicial 1004.00
  rep 1 | I=0 S=0 L=1 R=1               custo 112.00 | GAP 8.74% | rodadas 451
  rep 2 | I=0 S=0 L=1 R=1               custo 112.00 | GAP 8.74% | rodadas 435
  rep 3 | I=0 S=0 L=1 R=1               custo 112.00 | GAP 8.74% | rodadas 450

Instância 81 | ótimo 101 | inicial 1013.00
  rep 1 | I=0 S=0 L=1 R=1               custo 114.00 | GAP 12.87% | rodadas 466
  rep 2 | I=0 S=0 L=1 R=1               custo 114.00 | GAP 12.87% | rodadas 466
  rep 3 | I=0 S=0 L=1 R=1               custo 114.00 | GAP 12.87% | rodadas 475

Instância 82 | ótimo 100 | inicial 973.00
  rep 1 | I=0 S=0 L=1 R=1               custo 102.00 | GAP 2.00% | rodadas 547
  rep 2 | I=0 S=0 L=1 R=1               custo 102.00 | GAP 2.00% | rodadas 552
  rep 3 | I=0 S=0 L=1 R=1               custo 102.00 | GAP 2.00% | rodadas 530

Instância 84 | ótimo 100 | inicial 1073.00
  rep 1 | I=0 S=0 L=1 R=1               custo 100.00 | GAP 0.00% | rodadas 30
  rep 2 | I=0 S=0 L=1 R=1               custo 100.00 | GAP 0.00% | rodadas 30
  rep 3 | I=0 S=0 L=1 R=1               custo 100.00 | GAP 0.00% | rodadas 30

Instância 85 | ótimo 101 | inicial 1070.00
  rep 1 | I=0 S=0 L=1 R=1               custo 106.00 | GAP 4.95% | rodadas 439
  rep 2 | I=0 S=0 L=1 R=1               custo 106.00 | GAP 4.95% | rodadas 442
  rep 3 | I=0 S=0 L=1 R=1               custo 106.00 | GAP 4.95% | rodadas 450

Instância 86 | ótimo 102 | inicial 1005.00
  rep 1 | I=0 S=0 L=1 R=1               custo 104.00 | GAP 1.96% | rodadas 525
  rep 2 | I=0 S=0 L=1 R=1               custo 104.00 | GAP 1.96% | rodadas 531
  rep 3 | I=0 S=0 L=1 R=1               custo 104.00 | GAP 1.96% | rodadas 524

Instância 87 | ótimo 101 | inicial 951.00
  rep 1 | I=0 S=0 L=1 R=1               custo 106.00 | GAP 4.95% | rodadas 463
  rep 2 | I=0 S=0 L=1 R=1               custo 106.00 | GAP 4.95% | rodadas 466
  rep 3 | I=0 S=0 L=1 R=1               custo 106.00 | GAP 4.95% | rodadas 468

Instância 88 | ótimo 101 | inicial 1110.00
  rep 1 | I=0 S=0 L=1 R=1               custo 111.00 | GAP 9.90% | rodadas 418
  rep 2 | I=0 S=0 L=1 R=1               custo 111.00 | GAP 9.90% | rodadas 422
  rep 3 | I=0 S=0 L=1 R=1               custo 111.00 | GAP 9.90% | rodadas 416

Instância 89 | ótimo 101 | inicial 1088.00
  rep 1 | I=0 S=0 L=1 R=1               custo 105.00 | GAP 3.96% | rodadas 480
  rep 2 | I=0 S=0 L=1 R=1               custo 105.00 | GAP 3.96% | rodadas 476
  rep 3 | I=0 S=0 L=1 R=1               custo 105.00 | GAP 3.96% | rodadas 475

Instância 90 | ótimo 100 | inicial 1052.00
  rep 1 | I=0 S=0 L=1 R=1               custo 112.00 | GAP 12.00% | rodadas 381
  rep 2 | I=0 S=0 L=1 R=1               custo 112.00 | GAP 12.00% | rodadas 377
  rep 3 | I=0 S=0 L=1 R=1               custo 112.00 | GAP 12.00% | rodadas 383

Instância 95 | ótimo 100 | inicial 1148.00
  rep 1 | I=0 S=0 L=1 R=1               custo 101.00 | GAP 1.00% | rodadas 536
  rep 2 | I=0 S=0 L=1 R=1               custo 101.00 | GAP 1.00% | rodadas 537
  rep 3 | I=0 S=0 L=1 R=1               custo 101.00 | GAP 1.00% | rodadas 531

Instância 98 | ótimo 101 | inicial 1021.00
  rep 1 | I=0 S=0 L=1 R=1               custo 111.00 | GAP 9.90% | rodadas 461
  rep 2 | I=0 S=0 L=1 R=1               custo 111.00 | GAP 9.90% | rodadas 458
  rep 3 | I=0 S=0 L=1 R=1               custo 111.00 | GAP 9.90% | rodadas 464

Instância 99 | ótimo 100 | inicial 1045.00
  rep 1 | I=0 S=0 L=1 R=1               custo 104.00 | GAP 4.00% | rodadas 461
  rep 2 | I=0 S=0 L=1 R=1               custo 104.00 | GAP 4.00% | rodadas 479
  rep 3 | I=0 S=0 L=1 R=1               custo 104.00 | GAP 4.00% | rodadas 491

Instância 100 | ótimo 101 | inicial 972.00
  rep 1 | I=0 S=0 L=1 R=1               custo 174.00 | GAP 72.28% | rodadas 503
  rep 2 | I=0 S=0 L=1 R=1               custo 174.00 | GAP 72.28% | rodadas 520
  rep 3 | I=0 S=0 L=1 R=1               custo 174.00 | GAP 72.28% | rodadas 497

Instância 101 | ótimo 100 | inicial 1040.00
  rep 1 | I=0 S=0 L=1 R=1               custo 131.00 | GAP 31.00% | rodadas 527
  rep 2 | I=0 S=0 L=1 R=1               custo 131.00 | GAP 31.00% | rodadas 533
  rep 3 | I=0 S=0 L=1 R=1               custo 131.00 | GAP 31.00% | rodadas 517

Instância 102 | ótimo 100 | inicial 1012.00
  rep 1 | I=0 S=0 L=1 R=1               custo 113.00 | GAP 13.00% | rodadas 479
  rep 2 | I=0 S=0 L=1 R=1               custo 113.00 | GAP 13.00% | rodadas 480
  rep 3 | I=0 S=0 L=1 R=1               custo 113.00 | GAP 13.00% | rodadas 482

Instância 108 | ótimo 100 | inicial 1000.00
  rep 1 | I=0 S=0 L=1 R=1               custo 120.00 | GAP 20.00% | rodadas 454
  rep 2 | I=0 S=0 L=1 R=1               custo 120.00 | GAP 20.00% | rodadas 454
  rep 3 | I=0 S=0 L=1 R=1               custo 120.00 | GAP 20.00% | rodadas 465

Instância 109 | ótimo 101 | inicial 1118.00
  rep 1 | I=0 S=0 L=1 R=1               custo 101.00 | GAP 0.00% | rodadas 30
  rep 2 | I=0 S=0 L=1 R=1               custo 101.00 | GAP 0.00% | rodadas 30
  rep 3 | I=0 S=0 L=1 R=1               custo 101.00 | GAP 0.00% | rodadas 30

Instância 110 | ótimo 100 | inicial 1036.00
  rep 1 | I=0 S=0 L=1 R=1               custo 103.00 | GAP 3.00% | rodadas 540
  rep 2 | I=0 S=0 L=1 R=1               custo 103.00 | GAP 3.00% | rodadas 536
  rep 3 | I=0 S=0 L=1 R=1               custo 103.00 | GAP 3.00% | rodadas 530

Instância 111 | ótimo 100 | inicial 1240.00
  rep 1 | I=0 S=0 L=1 R=1               custo 108.00 | GAP 8.00% | rodadas 386
  rep 2 | I=0 S=0 L=1 R=1               custo 108.00 | GAP 8.00% | rodadas 393
  rep 3 | I=0 S=0 L=1 R=1               custo 108.00 | GAP 8.00% | rodadas 389

Instância 116 | ótimo 101 | inicial 1079.00
  rep 1 | I=0 S=0 L=1 R=1               custo 103.00 | GAP 1.98% | rodadas 552
  rep 2 | I=0 S=0 L=1 R=1               custo 103.00 | GAP 1.98% | rodadas 551
  rep 3 | I=0 S=0 L=1 R=1               custo 103.00 | GAP 1.98% | rodadas 548

Instância 119 | ótimo 100 | inicial 1054.00
  rep 1 | I=0 S=0 L=1 R=1               custo 112.00 | GAP 12.00% | rodadas 395
  rep 2 | I=0 S=0 L=1 R=1               custo 112.00 | GAP 12.00% | rodadas 378
  rep 3 | I=0 S=0 L=1 R=1               custo 112.00 | GAP 12.00% | rodadas 410

Instância 120 | ótimo 101 | inicial 1052.00
  rep 1 | I=0 S=0 L=1 R=1               custo 102.00 | GAP 0.99% | rodadas 577
  rep 2 | I=0 S=0 L=1 R=1               custo 102.00 | GAP 0.99% | rodadas 583
  rep 3 | I=0 S=0 L=1 R=1               custo 102.00 | GAP 0.99% | rodadas 545

Instância 121 | ótimo 100 | inicial 1145.00
  rep 1 | I=0 S=0 L=1 R=1               custo 111.00 | GAP 11.00% | rodadas 456
  rep 2 | I=0 S=0 L=1 R=1               custo 111.00 | GAP 11.00% | rodadas 450
  rep 3 | I=0 S=0 L=1 R=1               custo 111.00 | GAP 11.00% | rodadas 467

Instância 122 | ótimo 100 | inicial 1075.00
  rep 1 | I=0 S=0 L=1 R=1               custo 110.00 | GAP 10.00% | rodadas 423
  rep 2 | I=0 S=0 L=1 R=1               custo 110.00 | GAP 10.00% | rodadas 409
  rep 3 | I=0 S=0 L=1 R=1               custo 110.00 | GAP 10.00% | rodadas 426

Instância 123 | ótimo 100 | inicial 1001.00
  rep 1 | I=0 S=0 L=1 R=1               custo 103.00 | GAP 3.00% | rodadas 468
  rep 2 | I=0 S=0 L=1 R=1               custo 103.00 | GAP 3.00% | rodadas 466
  rep 3 | I=0 S=0 L=1 R=1               custo 103.00 | GAP 3.00% | rodadas 477

Instância 124 | ótimo 102 | inicial 1046.00
  rep 1 | I=0 S=0 L=1 R=1               custo 117.00 | GAP 14.71% | rodadas 428
  rep 2 | I=0 S=0 L=1 R=1               custo 117.00 | GAP 14.71% | rodadas 419
  rep 3 | I=0 S=0 L=1 R=1               custo 117.00 | GAP 14.71% | rodadas 433

Instância 125 | ótimo 100 | inicial 1079.00
  rep 1 | I=0 S=0 L=1 R=1               custo 107.00 | GAP 7.00% | rodadas 492
  rep 2 | I=0 S=0 L=1 R=1               custo 107.00 | GAP 7.00% | rodadas 478
  rep 3 | I=0 S=0 L=1 R=1               custo 107.00 | GAP 7.00% | rodadas 479

Instância 127 | ótimo 100 | inicial 1039.00
  rep 1 | I=0 S=0 L=1 R=1               custo 106.00 | GAP 6.00% | rodadas 500
  rep 2 | I=0 S=0 L=1 R=1               custo 106.00 | GAP 6.00% | rodadas 512
  rep 3 | I=0 S=0 L=1 R=1               custo 106.00 | GAP 6.00% | rodadas 508

Instância 128 | ótimo 101 | inicial 1035.00
  rep 1 | I=0 S=0 L=1 R=1               custo 150.00 | GAP 48.51% | rodadas 499
  rep 2 | I=0 S=0 L=1 R=1               custo 160.00 | GAP 58.42% | rodadas 448
  rep 3 | I=0 S=0 L=1 R=1               custo 157.00 | GAP 55.45% | rodadas 455

Instância 129 | ótimo 100 | inicial 1041.00
  rep 1 | I=0 S=0 L=1 R=1               custo 131.00 | GAP 31.00% | rodadas 480
  rep 2 | I=0 S=0 L=1 R=1               custo 131.00 | GAP 31.00% | rodadas 487
  rep 3 | I=0 S=0 L=1 R=1               custo 131.00 | GAP 31.00% | rodadas 490

Instância 130 | ótimo 101 | inicial 1097.00
  rep 1 | I=0 S=0 L=1 R=1               custo 101.00 | GAP 0.00% | rodadas 30
  rep 2 | I=0 S=0 L=1 R=1               custo 101.00 | GAP 0.00% | rodadas 30
  rep 3 | I=0 S=0 L=1 R=1               custo 101.00 | GAP 0.00% | rodadas 30

Instância 131 | ótimo 100 | inicial 1044.00
  rep 1 | I=0 S=0 L=1 R=1               custo 100.00 | GAP 0.00% | rodadas 30
  rep 2 | I=0 S=0 L=1 R=1               custo 100.00 | GAP 0.00% | rodadas 30
  rep 3 | I=0 S=0 L=1 R=1               custo 100.00 | GAP 0.00% | rodadas 30

Instância 132 | ótimo 103 | inicial 1069.00
  rep 1 | I=0 S=0 L=1 R=1               custo 105.00 | GAP 1.94% | rodadas 476
  rep 2 | I=0 S=0 L=1 R=1               custo 105.00 | GAP 1.94% | rodadas 493
  rep 3 | I=0 S=0 L=1 R=1               custo 105.00 | GAP 1.94% | rodadas 482

Instância 134 | ótimo 101 | inicial 1036.00
  rep 1 | I=0 S=0 L=1 R=1               custo 107.00 | GAP 5.94% | rodadas 477
  rep 2 | I=0 S=0 L=1 R=1               custo 107.00 | GAP 5.94% | rodadas 463
  rep 3 | I=0 S=0 L=1 R=1               custo 107.00 | GAP 5.94% | rodadas 477

Instância 135 | ótimo 100 | inicial 1049.00
  rep 1 | I=0 S=0 L=1 R=1               custo 105.00 | GAP 5.00% | rodadas 464
  rep 2 | I=0 S=0 L=1 R=1               custo 105.00 | GAP 5.00% | rodadas 464
  rep 3 | I=0 S=0 L=1 R=1               custo 105.00 | GAP 5.00% | rodadas 461

Instância 137 | ótimo 101 | inicial 1132.00
  rep 1 | I=0 S=0 L=1 R=1               custo 116.00 | GAP 14.85% | rodadas 412
  rep 2 | I=0 S=0 L=1 R=1               custo 116.00 | GAP 14.85% | rodadas 419
  rep 3 | I=0 S=0 L=1 R=1               custo 116.00 | GAP 14.85% | rodadas 417

Instância 138 | ótimo 100 | inicial 1032.00
  rep 1 | I=0 S=0 L=1 R=1               custo 102.00 | GAP 2.00% | rodadas 494
  rep 2 | I=0 S=0 L=1 R=1               custo 102.00 | GAP 2.00% | rodadas 498
  rep 3 | I=0 S=0 L=1 R=1               custo 102.00 | GAP 2.00% | rodadas 501

Instância 141 | ótimo 101 | inicial 1001.00
  rep 1 | I=0 S=0 L=1 R=1               custo 102.00 | GAP 0.99% | rodadas 575
  rep 2 | I=0 S=0 L=1 R=1               custo 102.00 | GAP 0.99% | rodadas 580
  rep 3 | I=0 S=0 L=1 R=1               custo 102.00 | GAP 0.99% | rodadas 571

Instância 142 | ótimo 100 | inicial 1124.00
  rep 1 | I=0 S=0 L=1 R=1               custo 106.00 | GAP 6.00% | rodadas 466
  rep 2 | I=0 S=0 L=1 R=1               custo 106.00 | GAP 6.00% | rodadas 475
  rep 3 | I=0 S=0 L=1 R=1               custo 106.00 | GAP 6.00% | rodadas 490

Instância 143 | ótimo 100 | inicial 1090.00
  rep 1 | I=0 S=0 L=1 R=1               custo 112.00 | GAP 12.00% | rodadas 387
  rep 2 | I=0 S=0 L=1 R=1               custo 112.00 | GAP 12.00% | rodadas 371
  rep 3 | I=0 S=0 L=1 R=1               custo 112.00 | GAP 12.00% | rodadas 402

Instância 144 | ótimo 101 | inicial 1020.00
  rep 1 | I=0 S=0 L=1 R=1               custo 105.00 | GAP 3.96% | rodadas 518
  rep 2 | I=0 S=0 L=1 R=1               custo 105.00 | GAP 3.96% | rodadas 507
  rep 3 | I=0 S=0 L=1 R=1               custo 105.00 | GAP 3.96% | rodadas 524

Instância 145 | ótimo 101 | inicial 1132.00
  rep 1 | I=0 S=0 L=1 R=1               custo 103.00 | GAP 1.98% | rodadas 505
  rep 2 | I=0 S=0 L=1 R=1               custo 103.00 | GAP 1.98% | rodadas 495
  rep 3 | I=0 S=0 L=1 R=1               custo 103.00 | GAP 1.98% | rodadas 502

Instância 146 | ótimo 100 | inicial 981.00
  rep 1 | I=0 S=0 L=1 R=1               custo 113.00 | GAP 13.00% | rodadas 498
  rep 2 | I=0 S=0 L=1 R=1               custo 113.00 | GAP 13.00% | rodadas 488
  rep 3 | I=0 S=0 L=1 R=1               custo 113.00 | GAP 13.00% | rodadas 498

Instância 147 | ótimo 100 | inicial 1083.00
  rep 1 | I=0 S=0 L=1 R=1               custo 151.00 | GAP 51.00% | rodadas 492
  rep 2 | I=0 S=0 L=1 R=1               custo 151.00 | GAP 51.00% | rodadas 485
  rep 3 | I=0 S=0 L=1 R=1               custo 151.00 | GAP 51.00% | rodadas 492

Instância 148 | ótimo 101 | inicial 1077.00
  rep 1 | I=0 S=0 L=1 R=1               custo 101.00 | GAP 0.00% | rodadas 30
  rep 2 | I=0 S=0 L=1 R=1               custo 101.00 | GAP 0.00% | rodadas 30
  rep 3 | I=0 S=0 L=1 R=1               custo 101.00 | GAP 0.00% | rodadas 30

Instância 149 | ótimo 100 | inicial 985.00
  rep 1 | I=0 S=0 L=1 R=1               custo 102.00 | GAP 2.00% | rodadas 534
  rep 2 | I=0 S=0 L=1 R=1               custo 102.00 | GAP 2.00% | rodadas 541
  rep 3 | I=0 S=0 L=1 R=1               custo 102.00 | GAP 2.00% | rodadas 534

Instância 150 | ótimo 100 | inicial 1009.00
  rep 1 | I=0 S=0 L=1 R=1               custo 110.00 | GAP 10.00% | rodadas 360
  rep 2 | I=0 S=0 L=1 R=1               custo 110.00 | GAP 10.00% | rodadas 360
  rep 3 | I=0 S=0 L=1 R=1               custo 110.00 | GAP 10.00% | rodadas 360

CSV salvo em data/experiments/ablation_0.55s/i0_s0_l1_r1.csv
