Experimento GLS/GFLS
Instâncias: 94 | repetições: 3 | orçamentos: 0.55s por variante

=== Orçamento 0.55 s ===

Instância 1 | ótimo 100 | inicial 1103
  rep 1 | I=1 S=0 L=1 R=1               custo   104 | GAP 4.00% | rodadas 5133
  rep 2 | I=1 S=0 L=1 R=1               custo 104.00 | GAP 4.00% | rodadas 5322
  rep 3 | I=1 S=0 L=1 R=1               custo 104.00 | GAP 4.00% | rodadas 4778

Instância 5 | ótimo 100 | inicial 1045.00
  rep 1 | I=1 S=0 L=1 R=1               custo 110.00 | GAP 10.00% | rodadas 5456
  rep 2 | I=1 S=0 L=1 R=1               custo 110.00 | GAP 10.00% | rodadas 5442
  rep 3 | I=1 S=0 L=1 R=1               custo 110.00 | GAP 10.00% | rodadas 5245

Instância 7 | ótimo 100 | inicial 1051.00
  rep 1 | I=1 S=0 L=1 R=1               custo 107.00 | GAP 7.00% | rodadas 4501
  rep 2 | I=1 S=0 L=1 R=1               custo 107.00 | GAP 7.00% | rodadas 4447
  rep 3 | I=1 S=0 L=1 R=1               custo 107.00 | GAP 7.00% | rodadas 4371

Instância 8 | ótimo 101 | inicial 1104.00
  rep 1 | I=1 S=0 L=1 R=1               custo 102.00 | GAP 0.99% | rodadas 5923
  rep 2 | I=1 S=0 L=1 R=1               custo 102.00 | GAP 0.99% | rodadas 6380
  rep 3 | I=1 S=0 L=1 R=1               custo 102.00 | GAP 0.99% | rodadas 6690

Instância 11 | ótimo 100 | inicial 1131.00
  rep 1 | I=1 S=0 L=1 R=1               custo 114.00 | GAP 14.00% | rodadas 4571
  rep 2 | I=1 S=0 L=1 R=1               custo 114.00 | GAP 14.00% | rodadas 4620
  rep 3 | I=1 S=0 L=1 R=1               custo 114.00 | GAP 14.00% | rodadas 4749

Instância 13 | ótimo 101 | inicial 1042.00
  rep 1 | I=1 S=0 L=1 R=1               custo 107.00 | GAP 5.94% | rodadas 4255
  rep 2 | I=1 S=0 L=1 R=1               custo 107.00 | GAP 5.94% | rodadas 5148
  rep 3 | I=1 S=0 L=1 R=1               custo 107.00 | GAP 5.94% | rodadas 4878

Instância 14 | ótimo 101 | inicial 993.00
  rep 1 | I=1 S=0 L=1 R=1               custo 113.00 | GAP 11.88% | rodadas 4830
  rep 2 | I=1 S=0 L=1 R=1               custo 113.00 | GAP 11.88% | rodadas 4351
  rep 3 | I=1 S=0 L=1 R=1               custo 113.00 | GAP 11.88% | rodadas 5006

Instância 15 | ótimo 100 | inicial 988.00
  rep 1 | I=1 S=0 L=1 R=1               custo 103.00 | GAP 3.00% | rodadas 5822
  rep 2 | I=1 S=0 L=1 R=1               custo 103.00 | GAP 3.00% | rodadas 5642
  rep 3 | I=1 S=0 L=1 R=1               custo 103.00 | GAP 3.00% | rodadas 5587

Instância 17 | ótimo 100 | inicial 1102.00
  rep 1 | I=1 S=0 L=1 R=1               custo 101.00 | GAP 1.00% | rodadas 3875
  rep 2 | I=1 S=0 L=1 R=1               custo 101.00 | GAP 1.00% | rodadas 5668
  rep 3 | I=1 S=0 L=1 R=1               custo 101.00 | GAP 1.00% | rodadas 5423

Instância 19 | ótimo 102 | inicial 1029.00
  rep 1 | I=1 S=0 L=1 R=1               custo 115.00 | GAP 12.75% | rodadas 4840
  rep 2 | I=1 S=0 L=1 R=1               custo 115.00 | GAP 12.75% | rodadas 4505
  rep 3 | I=1 S=0 L=1 R=1               custo 115.00 | GAP 12.75% | rodadas 4452

Instância 21 | ótimo 101 | inicial 1134.00
  rep 1 | I=1 S=0 L=1 R=1               custo 106.00 | GAP 4.95% | rodadas 5364
  rep 2 | I=1 S=0 L=1 R=1               custo 106.00 | GAP 4.95% | rodadas 5086
  rep 3 | I=1 S=0 L=1 R=1               custo 106.00 | GAP 4.95% | rodadas 5010

Instância 22 | ótimo 101 | inicial 1069.00
  rep 1 | I=1 S=0 L=1 R=1               custo 108.00 | GAP 6.93% | rodadas 5382
  rep 2 | I=1 S=0 L=1 R=1               custo 108.00 | GAP 6.93% | rodadas 5036
  rep 3 | I=1 S=0 L=1 R=1               custo 108.00 | GAP 6.93% | rodadas 5291

Instância 23 | ótimo 100 | inicial 1070.00
  rep 1 | I=1 S=0 L=1 R=1               custo 105.00 | GAP 5.00% | rodadas 5511
  rep 2 | I=1 S=0 L=1 R=1               custo 105.00 | GAP 5.00% | rodadas 5419
  rep 3 | I=1 S=0 L=1 R=1               custo 105.00 | GAP 5.00% | rodadas 5006

Instância 24 | ótimo 102 | inicial 1062.00
  rep 1 | I=1 S=0 L=1 R=1               custo 102.00 | GAP 0.00% | rodadas 2910
  rep 2 | I=1 S=0 L=1 R=1               custo 102.00 | GAP 0.00% | rodadas 2910
  rep 3 | I=1 S=0 L=1 R=1               custo 102.00 | GAP 0.00% | rodadas 2910

Instância 25 | ótimo 103 | inicial 1062.00
  rep 1 | I=1 S=0 L=1 R=1               custo 109.00 | GAP 5.83% | rodadas 4940
  rep 2 | I=1 S=0 L=1 R=1               custo 109.00 | GAP 5.83% | rodadas 4870
  rep 3 | I=1 S=0 L=1 R=1               custo 109.00 | GAP 5.83% | rodadas 4876

Instância 28 | ótimo 102 | inicial 1085.00
  rep 1 | I=1 S=0 L=1 R=1               custo 133.00 | GAP 30.39% | rodadas 4139
  rep 2 | I=1 S=0 L=1 R=1               custo 133.00 | GAP 30.39% | rodadas 4261
  rep 3 | I=1 S=0 L=1 R=1               custo 133.00 | GAP 30.39% | rodadas 4019

Instância 29 | ótimo 101 | inicial 926.00
  rep 1 | I=1 S=0 L=1 R=1               custo 109.00 | GAP 7.92% | rodadas 4790
  rep 2 | I=1 S=0 L=1 R=1               custo 109.00 | GAP 7.92% | rodadas 4913
  rep 3 | I=1 S=0 L=1 R=1               custo 109.00 | GAP 7.92% | rodadas 4894

Instância 30 | ótimo 102 | inicial 1103.00
  rep 1 | I=1 S=0 L=1 R=1               custo 104.00 | GAP 1.96% | rodadas 6024
  rep 2 | I=1 S=0 L=1 R=1               custo 104.00 | GAP 1.96% | rodadas 6095
  rep 3 | I=1 S=0 L=1 R=1               custo 104.00 | GAP 1.96% | rodadas 5973

Instância 31 | ótimo 100 | inicial 1060.00
  rep 1 | I=1 S=0 L=1 R=1               custo 100.00 | GAP 0.00% | rodadas 30
  rep 2 | I=1 S=0 L=1 R=1               custo 100.00 | GAP 0.00% | rodadas 30
  rep 3 | I=1 S=0 L=1 R=1               custo 100.00 | GAP 0.00% | rodadas 30

Instância 33 | ótimo 100 | inicial 1097.00
  rep 1 | I=1 S=0 L=1 R=1               custo 106.00 | GAP 6.00% | rodadas 4991
  rep 2 | I=1 S=0 L=1 R=1               custo 106.00 | GAP 6.00% | rodadas 5041
  rep 3 | I=1 S=0 L=1 R=1               custo 106.00 | GAP 6.00% | rodadas 4860

Instância 35 | ótimo 101 | inicial 1031.00
  rep 1 | I=1 S=0 L=1 R=1               custo 118.00 | GAP 16.83% | rodadas 4019
  rep 2 | I=1 S=0 L=1 R=1               custo 118.00 | GAP 16.83% | rodadas 4200
  rep 3 | I=1 S=0 L=1 R=1               custo 118.00 | GAP 16.83% | rodadas 4126

Instância 40 | ótimo 101 | inicial 1081.00
  rep 1 | I=1 S=0 L=1 R=1               custo 112.00 | GAP 10.89% | rodadas 4384
  rep 2 | I=1 S=0 L=1 R=1               custo 112.00 | GAP 10.89% | rodadas 4868
  rep 3 | I=1 S=0 L=1 R=1               custo 112.00 | GAP 10.89% | rodadas 4113

Instância 41 | ótimo 101 | inicial 1113.00
  rep 1 | I=1 S=0 L=1 R=1               custo 102.00 | GAP 0.99% | rodadas 5354
  rep 2 | I=1 S=0 L=1 R=1               custo 102.00 | GAP 0.99% | rodadas 5926
  rep 3 | I=1 S=0 L=1 R=1               custo 102.00 | GAP 0.99% | rodadas 6087

Instância 42 | ótimo 100 | inicial 1032.00
  rep 1 | I=1 S=0 L=1 R=1               custo 107.00 | GAP 7.00% | rodadas 4413
  rep 2 | I=1 S=0 L=1 R=1               custo 107.00 | GAP 7.00% | rodadas 4682
  rep 3 | I=1 S=0 L=1 R=1               custo 107.00 | GAP 7.00% | rodadas 4801

Instância 43 | ótimo 100 | inicial 1013.00
  rep 1 | I=1 S=0 L=1 R=1               custo 109.00 | GAP 9.00% | rodadas 4222
  rep 2 | I=1 S=0 L=1 R=1               custo 109.00 | GAP 9.00% | rodadas 4418
  rep 3 | I=1 S=0 L=1 R=1               custo 109.00 | GAP 9.00% | rodadas 4215

Instância 44 | ótimo 101 | inicial 1023.00
  rep 1 | I=1 S=0 L=1 R=1               custo 111.00 | GAP 9.90% | rodadas 4177
  rep 2 | I=1 S=0 L=1 R=1               custo 111.00 | GAP 9.90% | rodadas 3950
  rep 3 | I=1 S=0 L=1 R=1               custo 111.00 | GAP 9.90% | rodadas 4230

Instância 45 | ótimo 100 | inicial 1109.00
  rep 1 | I=1 S=0 L=1 R=1               custo 107.00 | GAP 7.00% | rodadas 4780
  rep 2 | I=1 S=0 L=1 R=1               custo 107.00 | GAP 7.00% | rodadas 4884
  rep 3 | I=1 S=0 L=1 R=1               custo 107.00 | GAP 7.00% | rodadas 4969

Instância 47 | ótimo 100 | inicial 1035.00
  rep 1 | I=1 S=0 L=1 R=1               custo 109.00 | GAP 9.00% | rodadas 4899
  rep 2 | I=1 S=0 L=1 R=1               custo 109.00 | GAP 9.00% | rodadas 4417
  rep 3 | I=1 S=0 L=1 R=1               custo 109.00 | GAP 9.00% | rodadas 3806

Instância 48 | ótimo 101 | inicial 1074.00
  rep 1 | I=1 S=0 L=1 R=1               custo 101.00 | GAP 0.00% | rodadas 30
  rep 2 | I=1 S=0 L=1 R=1               custo 101.00 | GAP 0.00% | rodadas 30
  rep 3 | I=1 S=0 L=1 R=1               custo 101.00 | GAP 0.00% | rodadas 30

Instância 50 | ótimo 100 | inicial 1003.00
  rep 1 | I=1 S=0 L=1 R=1               custo 107.00 | GAP 7.00% | rodadas 5318
  rep 2 | I=1 S=0 L=1 R=1               custo 107.00 | GAP 7.00% | rodadas 4398
  rep 3 | I=1 S=0 L=1 R=1               custo 107.00 | GAP 7.00% | rodadas 5028

Instância 51 | ótimo 100 | inicial 1002.00
  rep 1 | I=1 S=0 L=1 R=1               custo 101.00 | GAP 1.00% | rodadas 5510
  rep 2 | I=1 S=0 L=1 R=1               custo 101.00 | GAP 1.00% | rodadas 5335
  rep 3 | I=1 S=0 L=1 R=1               custo 101.00 | GAP 1.00% | rodadas 6190

Instância 52 | ótimo 101 | inicial 985.00
  rep 1 | I=1 S=0 L=1 R=1               custo 104.00 | GAP 2.97% | rodadas 5907
  rep 2 | I=1 S=0 L=1 R=1               custo 104.00 | GAP 2.97% | rodadas 4590
  rep 3 | I=1 S=0 L=1 R=1               custo 104.00 | GAP 2.97% | rodadas 5610

Instância 54 | ótimo 100 | inicial 1041.00
  rep 1 | I=1 S=0 L=1 R=1               custo 101.00 | GAP 1.00% | rodadas 5998
  rep 2 | I=1 S=0 L=1 R=1               custo 101.00 | GAP 1.00% | rodadas 6233
  rep 3 | I=1 S=0 L=1 R=1               custo 101.00 | GAP 1.00% | rodadas 6535

Instância 56 | ótimo 101 | inicial 1000.00
  rep 1 | I=1 S=0 L=1 R=1               custo 101.00 | GAP 0.00% | rodadas 5160
  rep 2 | I=1 S=0 L=1 R=1               custo 101.00 | GAP 0.00% | rodadas 5160
  rep 3 | I=1 S=0 L=1 R=1               custo 101.00 | GAP 0.00% | rodadas 5160

Instância 57 | ótimo 100 | inicial 1048.00
  rep 1 | I=1 S=0 L=1 R=1               custo 100.00 | GAP 0.00% | rodadas 30
  rep 2 | I=1 S=0 L=1 R=1               custo 100.00 | GAP 0.00% | rodadas 30
  rep 3 | I=1 S=0 L=1 R=1               custo 100.00 | GAP 0.00% | rodadas 30

Instância 58 | ótimo 100 | inicial 987.00
  rep 1 | I=1 S=0 L=1 R=1               custo 109.00 | GAP 9.00% | rodadas 4773
  rep 2 | I=1 S=0 L=1 R=1               custo 109.00 | GAP 9.00% | rodadas 3425
  rep 3 | I=1 S=0 L=1 R=1               custo 109.00 | GAP 9.00% | rodadas 4446

Instância 60 | ótimo 100 | inicial 1064.00
  rep 1 | I=1 S=0 L=1 R=1               custo 101.00 | GAP 1.00% | rodadas 5305
  rep 2 | I=1 S=0 L=1 R=1               custo 101.00 | GAP 1.00% | rodadas 5274
  rep 3 | I=1 S=0 L=1 R=1               custo 101.00 | GAP 1.00% | rodadas 4988

Instância 61 | ótimo 101 | inicial 1095.00
  rep 1 | I=1 S=0 L=1 R=1               custo 101.00 | GAP 0.00% | rodadas 1590
  rep 2 | I=1 S=0 L=1 R=1               custo 101.00 | GAP 0.00% | rodadas 1590
  rep 3 | I=1 S=0 L=1 R=1               custo 101.00 | GAP 0.00% | rodadas 1590

Instância 63 | ótimo 100 | inicial 989.00
  rep 1 | I=1 S=0 L=1 R=1               custo 108.00 | GAP 8.00% | rodadas 5110
  rep 2 | I=1 S=0 L=1 R=1               custo 108.00 | GAP 8.00% | rodadas 5110
  rep 3 | I=1 S=0 L=1 R=1               custo 108.00 | GAP 8.00% | rodadas 5045

Instância 64 | ótimo 100 | inicial 1018.00
  rep 1 | I=1 S=0 L=1 R=1               custo 102.00 | GAP 2.00% | rodadas 5989
  rep 2 | I=1 S=0 L=1 R=1               custo 102.00 | GAP 2.00% | rodadas 5820
  rep 3 | I=1 S=0 L=1 R=1               custo 102.00 | GAP 2.00% | rodadas 5693

Instância 65 | ótimo 100 | inicial 1073.00
  rep 1 | I=1 S=0 L=1 R=1               custo 116.00 | GAP 16.00% | rodadas 4163
  rep 2 | I=1 S=0 L=1 R=1               custo 116.00 | GAP 16.00% | rodadas 4063
  rep 3 | I=1 S=0 L=1 R=1               custo 116.00 | GAP 16.00% | rodadas 4110

Instância 67 | ótimo 100 | inicial 1110.00
  rep 1 | I=1 S=0 L=1 R=1               custo 102.00 | GAP 2.00% | rodadas 5009
  rep 2 | I=1 S=0 L=1 R=1               custo 102.00 | GAP 2.00% | rodadas 5650
  rep 3 | I=1 S=0 L=1 R=1               custo 102.00 | GAP 2.00% | rodadas 5725

Instância 73 | ótimo 102 | inicial 958.00
  rep 1 | I=1 S=0 L=1 R=1               custo 110.00 | GAP 7.84% | rodadas 4869
  rep 2 | I=1 S=0 L=1 R=1               custo 110.00 | GAP 7.84% | rodadas 4513
  rep 3 | I=1 S=0 L=1 R=1               custo 110.00 | GAP 7.84% | rodadas 4162

Instância 74 | ótimo 100 | inicial 1047.00
  rep 1 | I=1 S=0 L=1 R=1               custo 100.00 | GAP 0.00% | rodadas 90
  rep 2 | I=1 S=0 L=1 R=1               custo 100.00 | GAP 0.00% | rodadas 90
  rep 3 | I=1 S=0 L=1 R=1               custo 100.00 | GAP 0.00% | rodadas 90

Instância 75 | ótimo 100 | inicial 1008.00
  rep 1 | I=1 S=0 L=1 R=1               custo 100.00 | GAP 0.00% | rodadas 30
  rep 2 | I=1 S=0 L=1 R=1               custo 100.00 | GAP 0.00% | rodadas 30
  rep 3 | I=1 S=0 L=1 R=1               custo 100.00 | GAP 0.00% | rodadas 30

Instância 76 | ótimo 100 | inicial 996.00
  rep 1 | I=1 S=0 L=1 R=1               custo 113.00 | GAP 13.00% | rodadas 4774
  rep 2 | I=1 S=0 L=1 R=1               custo 113.00 | GAP 13.00% | rodadas 4894
  rep 3 | I=1 S=0 L=1 R=1               custo 113.00 | GAP 13.00% | rodadas 4517

Instância 77 | ótimo 103 | inicial 1004.00
  rep 1 | I=1 S=0 L=1 R=1               custo 106.00 | GAP 2.91% | rodadas 5278
  rep 2 | I=1 S=0 L=1 R=1               custo 106.00 | GAP 2.91% | rodadas 4062
  rep 3 | I=1 S=0 L=1 R=1               custo 106.00 | GAP 2.91% | rodadas 4552

Instância 81 | ótimo 101 | inicial 1013.00
  rep 1 | I=1 S=0 L=1 R=1               custo 106.00 | GAP 4.95% | rodadas 4871
  rep 2 | I=1 S=0 L=1 R=1               custo 106.00 | GAP 4.95% | rodadas 4929
  rep 3 | I=1 S=0 L=1 R=1               custo 106.00 | GAP 4.95% | rodadas 5041

Instância 82 | ótimo 100 | inicial 973.00
  rep 1 | I=1 S=0 L=1 R=1               custo 102.00 | GAP 2.00% | rodadas 6450
  rep 2 | I=1 S=0 L=1 R=1               custo 102.00 | GAP 2.00% | rodadas 6646
  rep 3 | I=1 S=0 L=1 R=1               custo 102.00 | GAP 2.00% | rodadas 6636

Instância 84 | ótimo 100 | inicial 1073.00
  rep 1 | I=1 S=0 L=1 R=1               custo 100.00 | GAP 0.00% | rodadas 30
  rep 2 | I=1 S=0 L=1 R=1               custo 100.00 | GAP 0.00% | rodadas 30
  rep 3 | I=1 S=0 L=1 R=1               custo 100.00 | GAP 0.00% | rodadas 30

Instância 85 | ótimo 101 | inicial 1070.00
  rep 1 | I=1 S=0 L=1 R=1               custo 106.00 | GAP 4.95% | rodadas 5433
  rep 2 | I=1 S=0 L=1 R=1               custo 106.00 | GAP 4.95% | rodadas 5429
  rep 3 | I=1 S=0 L=1 R=1               custo 106.00 | GAP 4.95% | rodadas 5383

Instância 86 | ótimo 102 | inicial 1005.00
  rep 1 | I=1 S=0 L=1 R=1               custo 104.00 | GAP 1.96% | rodadas 5090
  rep 2 | I=1 S=0 L=1 R=1               custo 104.00 | GAP 1.96% | rodadas 5679
  rep 3 | I=1 S=0 L=1 R=1               custo 104.00 | GAP 1.96% | rodadas 6141

Instância 87 | ótimo 101 | inicial 951.00
  rep 1 | I=1 S=0 L=1 R=1               custo 106.00 | GAP 4.95% | rodadas 4266
  rep 2 | I=1 S=0 L=1 R=1               custo 106.00 | GAP 4.95% | rodadas 5318
  rep 3 | I=1 S=0 L=1 R=1               custo 106.00 | GAP 4.95% | rodadas 4123

Instância 88 | ótimo 101 | inicial 1110.00
  rep 1 | I=1 S=0 L=1 R=1               custo 111.00 | GAP 9.90% | rodadas 4771
  rep 2 | I=1 S=0 L=1 R=1               custo 111.00 | GAP 9.90% | rodadas 4586
  rep 3 | I=1 S=0 L=1 R=1               custo 111.00 | GAP 9.90% | rodadas 4230

Instância 89 | ótimo 101 | inicial 1088.00
  rep 1 | I=1 S=0 L=1 R=1               custo 104.00 | GAP 2.97% | rodadas 5214
  rep 2 | I=1 S=0 L=1 R=1               custo 104.00 | GAP 2.97% | rodadas 5218
  rep 3 | I=1 S=0 L=1 R=1               custo 104.00 | GAP 2.97% | rodadas 5084

Instância 90 | ótimo 100 | inicial 1052.00
  rep 1 | I=1 S=0 L=1 R=1               custo 112.00 | GAP 12.00% | rodadas 3473
  rep 2 | I=1 S=0 L=1 R=1               custo 112.00 | GAP 12.00% | rodadas 4094
  rep 3 | I=1 S=0 L=1 R=1               custo 112.00 | GAP 12.00% | rodadas 3600

Instância 95 | ótimo 100 | inicial 1148.00
  rep 1 | I=1 S=0 L=1 R=1               custo 101.00 | GAP 1.00% | rodadas 5606
  rep 2 | I=1 S=0 L=1 R=1               custo 101.00 | GAP 1.00% | rodadas 5132
  rep 3 | I=1 S=0 L=1 R=1               custo 101.00 | GAP 1.00% | rodadas 5721

Instância 98 | ótimo 101 | inicial 1021.00
  rep 1 | I=1 S=0 L=1 R=1               custo 106.00 | GAP 4.95% | rodadas 5130
  rep 2 | I=1 S=0 L=1 R=1               custo 106.00 | GAP 4.95% | rodadas 5095
  rep 3 | I=1 S=0 L=1 R=1               custo 106.00 | GAP 4.95% | rodadas 4753

Instância 99 | ótimo 100 | inicial 1045.00
  rep 1 | I=1 S=0 L=1 R=1               custo 104.00 | GAP 4.00% | rodadas 5506
  rep 2 | I=1 S=0 L=1 R=1               custo 104.00 | GAP 4.00% | rodadas 5550
  rep 3 | I=1 S=0 L=1 R=1               custo 104.00 | GAP 4.00% | rodadas 3989

Instância 100 | ótimo 101 | inicial 972.00
  rep 1 | I=1 S=0 L=1 R=1               custo 145.00 | GAP 43.56% | rodadas 3670
  rep 2 | I=1 S=0 L=1 R=1               custo 145.00 | GAP 43.56% | rodadas 4392
  rep 3 | I=1 S=0 L=1 R=1               custo 145.00 | GAP 43.56% | rodadas 3844

Instância 101 | ótimo 100 | inicial 1040.00
  rep 1 | I=1 S=0 L=1 R=1               custo 123.00 | GAP 23.00% | rodadas 4681
  rep 2 | I=1 S=0 L=1 R=1               custo 123.00 | GAP 23.00% | rodadas 4489
  rep 3 | I=1 S=0 L=1 R=1               custo 123.00 | GAP 23.00% | rodadas 4491

Instância 102 | ótimo 100 | inicial 1012.00
  rep 1 | I=1 S=0 L=1 R=1               custo 103.00 | GAP 3.00% | rodadas 5696
  rep 2 | I=1 S=0 L=1 R=1               custo 103.00 | GAP 3.00% | rodadas 5609
  rep 3 | I=1 S=0 L=1 R=1               custo 103.00 | GAP 3.00% | rodadas 5112

Instância 108 | ótimo 100 | inicial 1000.00
  rep 1 | I=1 S=0 L=1 R=1               custo 120.00 | GAP 20.00% | rodadas 4533
  rep 2 | I=1 S=0 L=1 R=1               custo 120.00 | GAP 20.00% | rodadas 4354
  rep 3 | I=1 S=0 L=1 R=1               custo 120.00 | GAP 20.00% | rodadas 4796

Instância 109 | ótimo 101 | inicial 1118.00
  rep 1 | I=1 S=0 L=1 R=1               custo 101.00 | GAP 0.00% | rodadas 30
  rep 2 | I=1 S=0 L=1 R=1               custo 101.00 | GAP 0.00% | rodadas 30
  rep 3 | I=1 S=0 L=1 R=1               custo 101.00 | GAP 0.00% | rodadas 30

Instância 110 | ótimo 100 | inicial 1036.00
  rep 1 | I=1 S=0 L=1 R=1               custo 102.00 | GAP 2.00% | rodadas 5608
  rep 2 | I=1 S=0 L=1 R=1               custo 102.00 | GAP 2.00% | rodadas 5719
  rep 3 | I=1 S=0 L=1 R=1               custo 102.00 | GAP 2.00% | rodadas 5665

Instância 111 | ótimo 100 | inicial 1240.00
  rep 1 | I=1 S=0 L=1 R=1               custo 106.00 | GAP 6.00% | rodadas 4482
  rep 2 | I=1 S=0 L=1 R=1               custo 106.00 | GAP 6.00% | rodadas 4371
  rep 3 | I=1 S=0 L=1 R=1               custo 106.00 | GAP 6.00% | rodadas 4151

Instância 116 | ótimo 101 | inicial 1079.00
  rep 1 | I=1 S=0 L=1 R=1               custo 103.00 | GAP 1.98% | rodadas 5584
  rep 2 | I=1 S=0 L=1 R=1               custo 103.00 | GAP 1.98% | rodadas 6515
  rep 3 | I=1 S=0 L=1 R=1               custo 103.00 | GAP 1.98% | rodadas 6239

Instância 119 | ótimo 100 | inicial 1054.00
  rep 1 | I=1 S=0 L=1 R=1               custo 112.00 | GAP 12.00% | rodadas 4297
  rep 2 | I=1 S=0 L=1 R=1               custo 112.00 | GAP 12.00% | rodadas 4579
  rep 3 | I=1 S=0 L=1 R=1               custo 112.00 | GAP 12.00% | rodadas 4447

Instância 120 | ótimo 101 | inicial 1052.00
  rep 1 | I=1 S=0 L=1 R=1               custo 102.00 | GAP 0.99% | rodadas 6429
  rep 2 | I=1 S=0 L=1 R=1               custo 102.00 | GAP 0.99% | rodadas 5773
  rep 3 | I=1 S=0 L=1 R=1               custo 102.00 | GAP 0.99% | rodadas 5933

Instância 121 | ótimo 100 | inicial 1145.00
  rep 1 | I=1 S=0 L=1 R=1               custo 107.00 | GAP 7.00% | rodadas 4760
  rep 2 | I=1 S=0 L=1 R=1               custo 107.00 | GAP 7.00% | rodadas 5190
  rep 3 | I=1 S=0 L=1 R=1               custo 107.00 | GAP 7.00% | rodadas 5021

Instância 122 | ótimo 100 | inicial 1075.00
  rep 1 | I=1 S=0 L=1 R=1               custo 110.00 | GAP 10.00% | rodadas 4710
  rep 2 | I=1 S=0 L=1 R=1               custo 110.00 | GAP 10.00% | rodadas 4440
  rep 3 | I=1 S=0 L=1 R=1               custo 110.00 | GAP 10.00% | rodadas 5036

Instância 123 | ótimo 100 | inicial 1001.00
  rep 1 | I=1 S=0 L=1 R=1               custo 103.00 | GAP 3.00% | rodadas 5762
  rep 2 | I=1 S=0 L=1 R=1               custo 103.00 | GAP 3.00% | rodadas 5449
  rep 3 | I=1 S=0 L=1 R=1               custo 103.00 | GAP 3.00% | rodadas 5644

Instância 124 | ótimo 102 | inicial 1046.00
  rep 1 | I=1 S=0 L=1 R=1               custo 116.00 | GAP 13.73% | rodadas 4373
  rep 2 | I=1 S=0 L=1 R=1               custo 116.00 | GAP 13.73% | rodadas 4232
  rep 3 | I=1 S=0 L=1 R=1               custo 116.00 | GAP 13.73% | rodadas 4242

Instância 125 | ótimo 100 | inicial 1079.00
  rep 1 | I=1 S=0 L=1 R=1               custo 107.00 | GAP 7.00% | rodadas 5702
  rep 2 | I=1 S=0 L=1 R=1               custo 107.00 | GAP 7.00% | rodadas 5280
  rep 3 | I=1 S=0 L=1 R=1               custo 107.00 | GAP 7.00% | rodadas 5701

Instância 127 | ótimo 100 | inicial 1039.00
  rep 1 | I=1 S=0 L=1 R=1               custo 105.00 | GAP 5.00% | rodadas 4627
  rep 2 | I=1 S=0 L=1 R=1               custo 105.00 | GAP 5.00% | rodadas 5411
  rep 3 | I=1 S=0 L=1 R=1               custo 105.00 | GAP 5.00% | rodadas 5417

Instância 128 | ótimo 101 | inicial 1035.00
  rep 1 | I=1 S=0 L=1 R=1               custo 133.00 | GAP 31.68% | rodadas 4191
  rep 2 | I=1 S=0 L=1 R=1               custo 133.00 | GAP 31.68% | rodadas 4629
  rep 3 | I=1 S=0 L=1 R=1               custo 133.00 | GAP 31.68% | rodadas 5015

Instância 129 | ótimo 100 | inicial 1041.00
  rep 1 | I=1 S=0 L=1 R=1               custo 125.00 | GAP 25.00% | rodadas 3420
  rep 2 | I=1 S=0 L=1 R=1               custo 125.00 | GAP 25.00% | rodadas 4484
  rep 3 | I=1 S=0 L=1 R=1               custo 125.00 | GAP 25.00% | rodadas 4752

Instância 130 | ótimo 101 | inicial 1097.00
  rep 1 | I=1 S=0 L=1 R=1               custo 101.00 | GAP 0.00% | rodadas 30
  rep 2 | I=1 S=0 L=1 R=1               custo 101.00 | GAP 0.00% | rodadas 30
  rep 3 | I=1 S=0 L=1 R=1               custo 101.00 | GAP 0.00% | rodadas 30

Instância 131 | ótimo 100 | inicial 1044.00
  rep 1 | I=1 S=0 L=1 R=1               custo 100.00 | GAP 0.00% | rodadas 30
  rep 2 | I=1 S=0 L=1 R=1               custo 100.00 | GAP 0.00% | rodadas 30
  rep 3 | I=1 S=0 L=1 R=1               custo 100.00 | GAP 0.00% | rodadas 30

Instância 132 | ótimo 103 | inicial 1069.00
  rep 1 | I=1 S=0 L=1 R=1               custo 105.00 | GAP 1.94% | rodadas 5595
  rep 2 | I=1 S=0 L=1 R=1               custo 105.00 | GAP 1.94% | rodadas 5790
  rep 3 | I=1 S=0 L=1 R=1               custo 105.00 | GAP 1.94% | rodadas 5512

Instância 134 | ótimo 101 | inicial 1036.00
  rep 1 | I=1 S=0 L=1 R=1               custo 103.00 | GAP 1.98% | rodadas 5754
  rep 2 | I=1 S=0 L=1 R=1               custo 103.00 | GAP 1.98% | rodadas 5750
  rep 3 | I=1 S=0 L=1 R=1               custo 103.00 | GAP 1.98% | rodadas 5835

Instância 135 | ótimo 100 | inicial 1049.00
  rep 1 | I=1 S=0 L=1 R=1               custo 104.00 | GAP 4.00% | rodadas 5410
  rep 2 | I=1 S=0 L=1 R=1               custo 104.00 | GAP 4.00% | rodadas 5009
  rep 3 | I=1 S=0 L=1 R=1               custo 104.00 | GAP 4.00% | rodadas 5133

Instância 137 | ótimo 101 | inicial 1132.00
  rep 1 | I=1 S=0 L=1 R=1               custo 116.00 | GAP 14.85% | rodadas 3710
  rep 2 | I=1 S=0 L=1 R=1               custo 116.00 | GAP 14.85% | rodadas 3967
  rep 3 | I=1 S=0 L=1 R=1               custo 116.00 | GAP 14.85% | rodadas 4457

Instância 138 | ótimo 100 | inicial 1032.00
  rep 1 | I=1 S=0 L=1 R=1               custo 102.00 | GAP 2.00% | rodadas 4754
  rep 2 | I=1 S=0 L=1 R=1               custo 102.00 | GAP 2.00% | rodadas 4758
  rep 3 | I=1 S=0 L=1 R=1               custo 102.00 | GAP 2.00% | rodadas 5568

Instância 141 | ótimo 101 | inicial 1001.00
  rep 1 | I=1 S=0 L=1 R=1               custo 102.00 | GAP 0.99% | rodadas 6466
  rep 2 | I=1 S=0 L=1 R=1               custo 102.00 | GAP 0.99% | rodadas 6435
  rep 3 | I=1 S=0 L=1 R=1               custo 102.00 | GAP 0.99% | rodadas 6471

Instância 142 | ótimo 100 | inicial 1124.00
  rep 1 | I=1 S=0 L=1 R=1               custo 106.00 | GAP 6.00% | rodadas 5384
  rep 2 | I=1 S=0 L=1 R=1               custo 106.00 | GAP 6.00% | rodadas 5327
  rep 3 | I=1 S=0 L=1 R=1               custo 106.00 | GAP 6.00% | rodadas 5095

Instância 143 | ótimo 100 | inicial 1090.00
  rep 1 | I=1 S=0 L=1 R=1               custo 112.00 | GAP 12.00% | rodadas 3975
  rep 2 | I=1 S=0 L=1 R=1               custo 112.00 | GAP 12.00% | rodadas 4038
  rep 3 | I=1 S=0 L=1 R=1               custo 112.00 | GAP 12.00% | rodadas 3864

Instância 144 | ótimo 101 | inicial 1020.00
  rep 1 | I=1 S=0 L=1 R=1               custo 105.00 | GAP 3.96% | rodadas 5904
  rep 2 | I=1 S=0 L=1 R=1               custo 105.00 | GAP 3.96% | rodadas 6012
  rep 3 | I=1 S=0 L=1 R=1               custo 105.00 | GAP 3.96% | rodadas 6076

Instância 145 | ótimo 101 | inicial 1132.00
  rep 1 | I=1 S=0 L=1 R=1               custo 103.00 | GAP 1.98% | rodadas 5057
  rep 2 | I=1 S=0 L=1 R=1               custo 103.00 | GAP 1.98% | rodadas 5452
  rep 3 | I=1 S=0 L=1 R=1               custo 103.00 | GAP 1.98% | rodadas 5342

Instância 146 | ótimo 100 | inicial 981.00
  rep 1 | I=1 S=0 L=1 R=1               custo 110.00 | GAP 10.00% | rodadas 4985
  rep 2 | I=1 S=0 L=1 R=1               custo 110.00 | GAP 10.00% | rodadas 4689
  rep 3 | I=1 S=0 L=1 R=1               custo 110.00 | GAP 10.00% | rodadas 4582

Instância 147 | ótimo 100 | inicial 1083.00
  rep 1 | I=1 S=0 L=1 R=1               custo 129.00 | GAP 29.00% | rodadas 4496
  rep 2 | I=1 S=0 L=1 R=1               custo 129.00 | GAP 29.00% | rodadas 4486
  rep 3 | I=1 S=0 L=1 R=1               custo 132.00 | GAP 32.00% | rodadas 4245

Instância 148 | ótimo 101 | inicial 1077.00
  rep 1 | I=1 S=0 L=1 R=1               custo 101.00 | GAP 0.00% | rodadas 30
  rep 2 | I=1 S=0 L=1 R=1               custo 101.00 | GAP 0.00% | rodadas 30
  rep 3 | I=1 S=0 L=1 R=1               custo 101.00 | GAP 0.00% | rodadas 30

Instância 149 | ótimo 100 | inicial 985.00
  rep 1 | I=1 S=0 L=1 R=1               custo 102.00 | GAP 2.00% | rodadas 6264
  rep 2 | I=1 S=0 L=1 R=1               custo 102.00 | GAP 2.00% | rodadas 6210
  rep 3 | I=1 S=0 L=1 R=1               custo 102.00 | GAP 2.00% | rodadas 6377

Instância 150 | ótimo 100 | inicial 1009.00
  rep 1 | I=1 S=0 L=1 R=1               custo 109.00 | GAP 9.00% | rodadas 3959
  rep 2 | I=1 S=0 L=1 R=1               custo 109.00 | GAP 9.00% | rodadas 3625
  rep 3 | I=1 S=0 L=1 R=1               custo 109.00 | GAP 9.00% | rodadas 4042

CSV salvo em data/experiments/ablation_0.55s/i1_s0_l1_r1.csv
