Experimento GLS/GFLS
Instâncias: 94 | repetições: 3 | orçamentos: 0.55s por variante

=== Orçamento 0.55 s ===

Instância 1 | ótimo 100 | inicial 1103
  rep 1 | I=0 S=1 L=1 R=1               custo   100 | GAP 0.00% | rodadas 120
  rep 2 | I=0 S=1 L=1 R=1               custo 100.00 | GAP 0.00% | rodadas 120
  rep 3 | I=0 S=1 L=1 R=1               custo 100.00 | GAP 0.00% | rodadas 120

Instância 5 | ótimo 100 | inicial 1045.00
  rep 1 | I=0 S=1 L=1 R=1               custo 108.00 | GAP 8.00% | rodadas 316
  rep 2 | I=0 S=1 L=1 R=1               custo 108.00 | GAP 8.00% | rodadas 324
  rep 3 | I=0 S=1 L=1 R=1               custo 108.00 | GAP 8.00% | rodadas 316

Instância 7 | ótimo 100 | inicial 1051.00
  rep 1 | I=0 S=1 L=1 R=1               custo 103.00 | GAP 3.00% | rodadas 325
  rep 2 | I=0 S=1 L=1 R=1               custo 103.00 | GAP 3.00% | rodadas 325
  rep 3 | I=0 S=1 L=1 R=1               custo 103.00 | GAP 3.00% | rodadas 322

Instância 8 | ótimo 101 | inicial 1104.00
  rep 1 | I=0 S=1 L=1 R=1               custo 101.00 | GAP 0.00% | rodadas 30
  rep 2 | I=0 S=1 L=1 R=1               custo 101.00 | GAP 0.00% | rodadas 30
  rep 3 | I=0 S=1 L=1 R=1               custo 101.00 | GAP 0.00% | rodadas 30

Instância 11 | ótimo 100 | inicial 1131.00
  rep 1 | I=0 S=1 L=1 R=1               custo 106.00 | GAP 6.00% | rodadas 279
  rep 2 | I=0 S=1 L=1 R=1               custo 106.00 | GAP 6.00% | rodadas 285
  rep 3 | I=0 S=1 L=1 R=1               custo 106.00 | GAP 6.00% | rodadas 272

Instância 13 | ótimo 101 | inicial 1042.00
  rep 1 | I=0 S=1 L=1 R=1               custo 101.00 | GAP 0.00% | rodadas 175
  rep 2 | I=0 S=1 L=1 R=1               custo 101.00 | GAP 0.00% | rodadas 175
  rep 3 | I=0 S=1 L=1 R=1               custo 101.00 | GAP 0.00% | rodadas 178

Instância 14 | ótimo 101 | inicial 993.00
  rep 1 | I=0 S=1 L=1 R=1               custo 101.00 | GAP 0.00% | rodadas 261
  rep 2 | I=0 S=1 L=1 R=1               custo 101.00 | GAP 0.00% | rodadas 261
  rep 3 | I=0 S=1 L=1 R=1               custo 101.00 | GAP 0.00% | rodadas 261

Instância 15 | ótimo 100 | inicial 988.00
  rep 1 | I=0 S=1 L=1 R=1               custo 100.00 | GAP 0.00% | rodadas 327
  rep 2 | I=0 S=1 L=1 R=1               custo 100.00 | GAP 0.00% | rodadas 327
  rep 3 | I=0 S=1 L=1 R=1               custo 100.00 | GAP 0.00% | rodadas 327

Instância 17 | ótimo 100 | inicial 1102.00
  rep 1 | I=0 S=1 L=1 R=1               custo 100.00 | GAP 0.00% | rodadas 120
  rep 2 | I=0 S=1 L=1 R=1               custo 100.00 | GAP 0.00% | rodadas 120
  rep 3 | I=0 S=1 L=1 R=1               custo 100.00 | GAP 0.00% | rodadas 120

Instância 19 | ótimo 102 | inicial 1029.00
  rep 1 | I=0 S=1 L=1 R=1               custo 103.00 | GAP 0.98% | rodadas 356
  rep 2 | I=0 S=1 L=1 R=1               custo 103.00 | GAP 0.98% | rodadas 366
  rep 3 | I=0 S=1 L=1 R=1               custo 103.00 | GAP 0.98% | rodadas 357

Instância 21 | ótimo 101 | inicial 1134.00
  rep 1 | I=0 S=1 L=1 R=1               custo 101.00 | GAP 0.00% | rodadas 90
  rep 2 | I=0 S=1 L=1 R=1               custo 101.00 | GAP 0.00% | rodadas 90
  rep 3 | I=0 S=1 L=1 R=1               custo 101.00 | GAP 0.00% | rodadas 90

Instância 22 | ótimo 101 | inicial 1069.00
  rep 1 | I=0 S=1 L=1 R=1               custo 101.00 | GAP 0.00% | rodadas 150
  rep 2 | I=0 S=1 L=1 R=1               custo 101.00 | GAP 0.00% | rodadas 143
  rep 3 | I=0 S=1 L=1 R=1               custo 101.00 | GAP 0.00% | rodadas 150

Instância 23 | ótimo 100 | inicial 1070.00
  rep 1 | I=0 S=1 L=1 R=1               custo 101.00 | GAP 1.00% | rodadas 353
  rep 2 | I=0 S=1 L=1 R=1               custo 101.00 | GAP 1.00% | rodadas 360
  rep 3 | I=0 S=1 L=1 R=1               custo 101.00 | GAP 1.00% | rodadas 354

Instância 24 | ótimo 102 | inicial 1062.00
  rep 1 | I=0 S=1 L=1 R=1               custo 106.00 | GAP 3.92% | rodadas 327
  rep 2 | I=0 S=1 L=1 R=1               custo 107.00 | GAP 4.90% | rodadas 323
  rep 3 | I=0 S=1 L=1 R=1               custo 106.00 | GAP 3.92% | rodadas 327

Instância 25 | ótimo 103 | inicial 1062.00
  rep 1 | I=0 S=1 L=1 R=1               custo 103.00 | GAP 0.00% | rodadas 90
  rep 2 | I=0 S=1 L=1 R=1               custo 103.00 | GAP 0.00% | rodadas 90
  rep 3 | I=0 S=1 L=1 R=1               custo 103.00 | GAP 0.00% | rodadas 90

Instância 28 | ótimo 102 | inicial 1085.00
  rep 1 | I=0 S=1 L=1 R=1               custo 115.00 | GAP 12.75% | rodadas 286
  rep 2 | I=0 S=1 L=1 R=1               custo 115.00 | GAP 12.75% | rodadas 287
  rep 3 | I=0 S=1 L=1 R=1               custo 115.00 | GAP 12.75% | rodadas 281

Instância 29 | ótimo 101 | inicial 926.00
  rep 1 | I=0 S=1 L=1 R=1               custo 101.00 | GAP 0.00% | rodadas 90
  rep 2 | I=0 S=1 L=1 R=1               custo 101.00 | GAP 0.00% | rodadas 90
  rep 3 | I=0 S=1 L=1 R=1               custo 101.00 | GAP 0.00% | rodadas 90

Instância 30 | ótimo 102 | inicial 1103.00
  rep 1 | I=0 S=1 L=1 R=1               custo 102.00 | GAP 0.00% | rodadas 30
  rep 2 | I=0 S=1 L=1 R=1               custo 102.00 | GAP 0.00% | rodadas 30
  rep 3 | I=0 S=1 L=1 R=1               custo 102.00 | GAP 0.00% | rodadas 30

Instância 31 | ótimo 100 | inicial 1060.00
  rep 1 | I=0 S=1 L=1 R=1               custo 100.00 | GAP 0.00% | rodadas 30
  rep 2 | I=0 S=1 L=1 R=1               custo 100.00 | GAP 0.00% | rodadas 30
  rep 3 | I=0 S=1 L=1 R=1               custo 100.00 | GAP 0.00% | rodadas 30

Instância 33 | ótimo 100 | inicial 1097.00
  rep 1 | I=0 S=1 L=1 R=1               custo 100.00 | GAP 0.00% | rodadas 223
  rep 2 | I=0 S=1 L=1 R=1               custo 100.00 | GAP 0.00% | rodadas 224
  rep 3 | I=0 S=1 L=1 R=1               custo 100.00 | GAP 0.00% | rodadas 224

Instância 35 | ótimo 101 | inicial 1031.00
  rep 1 | I=0 S=1 L=1 R=1               custo 108.00 | GAP 6.93% | rodadas 313
  rep 2 | I=0 S=1 L=1 R=1               custo 108.00 | GAP 6.93% | rodadas 314
  rep 3 | I=0 S=1 L=1 R=1               custo 108.00 | GAP 6.93% | rodadas 312

Instância 40 | ótimo 101 | inicial 1081.00
  rep 1 | I=0 S=1 L=1 R=1               custo 102.00 | GAP 0.99% | rodadas 356
  rep 2 | I=0 S=1 L=1 R=1               custo 102.00 | GAP 0.99% | rodadas 357
  rep 3 | I=0 S=1 L=1 R=1               custo 102.00 | GAP 0.99% | rodadas 327

Instância 41 | ótimo 101 | inicial 1113.00
  rep 1 | I=0 S=1 L=1 R=1               custo 101.00 | GAP 0.00% | rodadas 60
  rep 2 | I=0 S=1 L=1 R=1               custo 101.00 | GAP 0.00% | rodadas 60
  rep 3 | I=0 S=1 L=1 R=1               custo 101.00 | GAP 0.00% | rodadas 60

Instância 42 | ótimo 100 | inicial 1032.00
  rep 1 | I=0 S=1 L=1 R=1               custo 103.00 | GAP 3.00% | rodadas 359
  rep 2 | I=0 S=1 L=1 R=1               custo 103.00 | GAP 3.00% | rodadas 357
  rep 3 | I=0 S=1 L=1 R=1               custo 103.00 | GAP 3.00% | rodadas 350

Instância 43 | ótimo 100 | inicial 1013.00
  rep 1 | I=0 S=1 L=1 R=1               custo 100.00 | GAP 0.00% | rodadas 150
  rep 2 | I=0 S=1 L=1 R=1               custo 100.00 | GAP 0.00% | rodadas 150
  rep 3 | I=0 S=1 L=1 R=1               custo 100.00 | GAP 0.00% | rodadas 150

Instância 44 | ótimo 101 | inicial 1023.00
  rep 1 | I=0 S=1 L=1 R=1               custo 104.00 | GAP 2.97% | rodadas 393
  rep 2 | I=0 S=1 L=1 R=1               custo 104.00 | GAP 2.97% | rodadas 405
  rep 3 | I=0 S=1 L=1 R=1               custo 104.00 | GAP 2.97% | rodadas 407

Instância 45 | ótimo 100 | inicial 1109.00
  rep 1 | I=0 S=1 L=1 R=1               custo 100.00 | GAP 0.00% | rodadas 90
  rep 2 | I=0 S=1 L=1 R=1               custo 100.00 | GAP 0.00% | rodadas 90
  rep 3 | I=0 S=1 L=1 R=1               custo 100.00 | GAP 0.00% | rodadas 90

Instância 47 | ótimo 100 | inicial 1035.00
  rep 1 | I=0 S=1 L=1 R=1               custo 100.00 | GAP 0.00% | rodadas 150
  rep 2 | I=0 S=1 L=1 R=1               custo 100.00 | GAP 0.00% | rodadas 150
  rep 3 | I=0 S=1 L=1 R=1               custo 100.00 | GAP 0.00% | rodadas 150

Instância 48 | ótimo 101 | inicial 1074.00
  rep 1 | I=0 S=1 L=1 R=1               custo 101.00 | GAP 0.00% | rodadas 30
  rep 2 | I=0 S=1 L=1 R=1               custo 101.00 | GAP 0.00% | rodadas 30
  rep 3 | I=0 S=1 L=1 R=1               custo 101.00 | GAP 0.00% | rodadas 30

Instância 50 | ótimo 100 | inicial 1003.00
  rep 1 | I=0 S=1 L=1 R=1               custo 100.00 | GAP 0.00% | rodadas 305
  rep 2 | I=0 S=1 L=1 R=1               custo 100.00 | GAP 0.00% | rodadas 305
  rep 3 | I=0 S=1 L=1 R=1               custo 100.00 | GAP 0.00% | rodadas 305

Instância 51 | ótimo 100 | inicial 1002.00
  rep 1 | I=0 S=1 L=1 R=1               custo 100.00 | GAP 0.00% | rodadas 30
  rep 2 | I=0 S=1 L=1 R=1               custo 100.00 | GAP 0.00% | rodadas 30
  rep 3 | I=0 S=1 L=1 R=1               custo 100.00 | GAP 0.00% | rodadas 30

Instância 52 | ótimo 101 | inicial 985.00
  rep 1 | I=0 S=1 L=1 R=1               custo 101.00 | GAP 0.00% | rodadas 60
  rep 2 | I=0 S=1 L=1 R=1               custo 101.00 | GAP 0.00% | rodadas 60
  rep 3 | I=0 S=1 L=1 R=1               custo 101.00 | GAP 0.00% | rodadas 60

Instância 54 | ótimo 100 | inicial 1041.00
  rep 1 | I=0 S=1 L=1 R=1               custo 100.00 | GAP 0.00% | rodadas 30
  rep 2 | I=0 S=1 L=1 R=1               custo 100.00 | GAP 0.00% | rodadas 30
  rep 3 | I=0 S=1 L=1 R=1               custo 100.00 | GAP 0.00% | rodadas 30

Instância 56 | ótimo 101 | inicial 1000.00
  rep 1 | I=0 S=1 L=1 R=1               custo 101.00 | GAP 0.00% | rodadas 90
  rep 2 | I=0 S=1 L=1 R=1               custo 101.00 | GAP 0.00% | rodadas 90
  rep 3 | I=0 S=1 L=1 R=1               custo 101.00 | GAP 0.00% | rodadas 90

Instância 57 | ótimo 100 | inicial 1048.00
  rep 1 | I=0 S=1 L=1 R=1               custo 100.00 | GAP 0.00% | rodadas 30
  rep 2 | I=0 S=1 L=1 R=1               custo 100.00 | GAP 0.00% | rodadas 30
  rep 3 | I=0 S=1 L=1 R=1               custo 100.00 | GAP 0.00% | rodadas 30

Instância 58 | ótimo 100 | inicial 987.00
  rep 1 | I=0 S=1 L=1 R=1               custo 100.00 | GAP 0.00% | rodadas 60
  rep 2 | I=0 S=1 L=1 R=1               custo 100.00 | GAP 0.00% | rodadas 60
  rep 3 | I=0 S=1 L=1 R=1               custo 100.00 | GAP 0.00% | rodadas 60

Instância 60 | ótimo 100 | inicial 1064.00
  rep 1 | I=0 S=1 L=1 R=1               custo 100.00 | GAP 0.00% | rodadas 30
  rep 2 | I=0 S=1 L=1 R=1               custo 100.00 | GAP 0.00% | rodadas 30
  rep 3 | I=0 S=1 L=1 R=1               custo 100.00 | GAP 0.00% | rodadas 30

Instância 61 | ótimo 101 | inicial 1095.00
  rep 1 | I=0 S=1 L=1 R=1               custo 101.00 | GAP 0.00% | rodadas 325
  rep 2 | I=0 S=1 L=1 R=1               custo 103.00 | GAP 1.98% | rodadas 318
  rep 3 | I=0 S=1 L=1 R=1               custo 103.00 | GAP 1.98% | rodadas 320

Instância 63 | ótimo 100 | inicial 989.00
  rep 1 | I=0 S=1 L=1 R=1               custo 100.00 | GAP 0.00% | rodadas 308
  rep 2 | I=0 S=1 L=1 R=1               custo 100.00 | GAP 0.00% | rodadas 308
  rep 3 | I=0 S=1 L=1 R=1               custo 100.00 | GAP 0.00% | rodadas 308

Instância 64 | ótimo 100 | inicial 1018.00
  rep 1 | I=0 S=1 L=1 R=1               custo 100.00 | GAP 0.00% | rodadas 60
  rep 2 | I=0 S=1 L=1 R=1               custo 100.00 | GAP 0.00% | rodadas 60
  rep 3 | I=0 S=1 L=1 R=1               custo 100.00 | GAP 0.00% | rodadas 60

Instância 65 | ótimo 100 | inicial 1073.00
  rep 1 | I=0 S=1 L=1 R=1               custo 106.00 | GAP 6.00% | rodadas 298
  rep 2 | I=0 S=1 L=1 R=1               custo 106.00 | GAP 6.00% | rodadas 296
  rep 3 | I=0 S=1 L=1 R=1               custo 106.00 | GAP 6.00% | rodadas 279

Instância 67 | ótimo 100 | inicial 1110.00
  rep 1 | I=0 S=1 L=1 R=1               custo 100.00 | GAP 0.00% | rodadas 60
  rep 2 | I=0 S=1 L=1 R=1               custo 100.00 | GAP 0.00% | rodadas 60
  rep 3 | I=0 S=1 L=1 R=1               custo 100.00 | GAP 0.00% | rodadas 60

Instância 73 | ótimo 102 | inicial 958.00
  rep 1 | I=0 S=1 L=1 R=1               custo 103.00 | GAP 0.98% | rodadas 385
  rep 2 | I=0 S=1 L=1 R=1               custo 103.00 | GAP 0.98% | rodadas 366
  rep 3 | I=0 S=1 L=1 R=1               custo 103.00 | GAP 0.98% | rodadas 386

Instância 74 | ótimo 100 | inicial 1047.00
  rep 1 | I=0 S=1 L=1 R=1               custo 100.00 | GAP 0.00% | rodadas 60
  rep 2 | I=0 S=1 L=1 R=1               custo 100.00 | GAP 0.00% | rodadas 60
  rep 3 | I=0 S=1 L=1 R=1               custo 100.00 | GAP 0.00% | rodadas 60

Instância 75 | ótimo 100 | inicial 1008.00
  rep 1 | I=0 S=1 L=1 R=1               custo 100.00 | GAP 0.00% | rodadas 8
  rep 2 | I=0 S=1 L=1 R=1               custo 100.00 | GAP 0.00% | rodadas 10
  rep 3 | I=0 S=1 L=1 R=1               custo 100.00 | GAP 0.00% | rodadas 8

Instância 76 | ótimo 100 | inicial 996.00
  rep 1 | I=0 S=1 L=1 R=1               custo 101.00 | GAP 1.00% | rodadas 380
  rep 2 | I=0 S=1 L=1 R=1               custo 101.00 | GAP 1.00% | rodadas 380
  rep 3 | I=0 S=1 L=1 R=1               custo 101.00 | GAP 1.00% | rodadas 382

Instância 77 | ótimo 103 | inicial 1004.00
  rep 1 | I=0 S=1 L=1 R=1               custo 103.00 | GAP 0.00% | rodadas 240
  rep 2 | I=0 S=1 L=1 R=1               custo 103.00 | GAP 0.00% | rodadas 240
  rep 3 | I=0 S=1 L=1 R=1               custo 103.00 | GAP 0.00% | rodadas 240

Instância 81 | ótimo 101 | inicial 1013.00
  rep 1 | I=0 S=1 L=1 R=1               custo 106.00 | GAP 4.95% | rodadas 321
  rep 2 | I=0 S=1 L=1 R=1               custo 106.00 | GAP 4.95% | rodadas 308
  rep 3 | I=0 S=1 L=1 R=1               custo 106.00 | GAP 4.95% | rodadas 324

Instância 82 | ótimo 100 | inicial 973.00
  rep 1 | I=0 S=1 L=1 R=1               custo 100.00 | GAP 0.00% | rodadas 120
  rep 2 | I=0 S=1 L=1 R=1               custo 100.00 | GAP 0.00% | rodadas 120
  rep 3 | I=0 S=1 L=1 R=1               custo 100.00 | GAP 0.00% | rodadas 120

Instância 84 | ótimo 100 | inicial 1073.00
  rep 1 | I=0 S=1 L=1 R=1               custo 100.00 | GAP 0.00% | rodadas 30
  rep 2 | I=0 S=1 L=1 R=1               custo 100.00 | GAP 0.00% | rodadas 30
  rep 3 | I=0 S=1 L=1 R=1               custo 100.00 | GAP 0.00% | rodadas 30

Instância 85 | ótimo 101 | inicial 1070.00
  rep 1 | I=0 S=1 L=1 R=1               custo 101.00 | GAP 0.00% | rodadas 170
  rep 2 | I=0 S=1 L=1 R=1               custo 101.00 | GAP 0.00% | rodadas 170
  rep 3 | I=0 S=1 L=1 R=1               custo 101.00 | GAP 0.00% | rodadas 170

Instância 86 | ótimo 102 | inicial 1005.00
  rep 1 | I=0 S=1 L=1 R=1               custo 102.00 | GAP 0.00% | rodadas 180
  rep 2 | I=0 S=1 L=1 R=1               custo 102.00 | GAP 0.00% | rodadas 167
  rep 3 | I=0 S=1 L=1 R=1               custo 102.00 | GAP 0.00% | rodadas 180

Instância 87 | ótimo 101 | inicial 951.00
  rep 1 | I=0 S=1 L=1 R=1               custo 101.00 | GAP 0.00% | rodadas 90
  rep 2 | I=0 S=1 L=1 R=1               custo 101.00 | GAP 0.00% | rodadas 90
  rep 3 | I=0 S=1 L=1 R=1               custo 101.00 | GAP 0.00% | rodadas 90

Instância 88 | ótimo 101 | inicial 1110.00
  rep 1 | I=0 S=1 L=1 R=1               custo 101.00 | GAP 0.00% | rodadas 120
  rep 2 | I=0 S=1 L=1 R=1               custo 101.00 | GAP 0.00% | rodadas 120
  rep 3 | I=0 S=1 L=1 R=1               custo 101.00 | GAP 0.00% | rodadas 120

Instância 89 | ótimo 101 | inicial 1088.00
  rep 1 | I=0 S=1 L=1 R=1               custo 101.00 | GAP 0.00% | rodadas 90
  rep 2 | I=0 S=1 L=1 R=1               custo 101.00 | GAP 0.00% | rodadas 90
  rep 3 | I=0 S=1 L=1 R=1               custo 101.00 | GAP 0.00% | rodadas 90

Instância 90 | ótimo 100 | inicial 1052.00
  rep 1 | I=0 S=1 L=1 R=1               custo 105.00 | GAP 5.00% | rodadas 274
  rep 2 | I=0 S=1 L=1 R=1               custo 105.00 | GAP 5.00% | rodadas 265
  rep 3 | I=0 S=1 L=1 R=1               custo 105.00 | GAP 5.00% | rodadas 267

Instância 95 | ótimo 100 | inicial 1148.00
  rep 1 | I=0 S=1 L=1 R=1               custo 100.00 | GAP 0.00% | rodadas 90
  rep 2 | I=0 S=1 L=1 R=1               custo 100.00 | GAP 0.00% | rodadas 90
  rep 3 | I=0 S=1 L=1 R=1               custo 100.00 | GAP 0.00% | rodadas 90

Instância 98 | ótimo 101 | inicial 1021.00
  rep 1 | I=0 S=1 L=1 R=1               custo 102.00 | GAP 0.99% | rodadas 372
  rep 2 | I=0 S=1 L=1 R=1               custo 102.00 | GAP 0.99% | rodadas 371
  rep 3 | I=0 S=1 L=1 R=1               custo 102.00 | GAP 0.99% | rodadas 377

Instância 99 | ótimo 100 | inicial 1045.00
  rep 1 | I=0 S=1 L=1 R=1               custo 100.00 | GAP 0.00% | rodadas 90
  rep 2 | I=0 S=1 L=1 R=1               custo 100.00 | GAP 0.00% | rodadas 90
  rep 3 | I=0 S=1 L=1 R=1               custo 100.00 | GAP 0.00% | rodadas 90

Instância 100 | ótimo 101 | inicial 972.00
  rep 1 | I=0 S=1 L=1 R=1               custo 124.00 | GAP 22.77% | rodadas 330
  rep 2 | I=0 S=1 L=1 R=1               custo 124.00 | GAP 22.77% | rodadas 330
  rep 3 | I=0 S=1 L=1 R=1               custo 124.00 | GAP 22.77% | rodadas 321

Instância 101 | ótimo 100 | inicial 1040.00
  rep 1 | I=0 S=1 L=1 R=1               custo 110.00 | GAP 10.00% | rodadas 316
  rep 2 | I=0 S=1 L=1 R=1               custo 113.00 | GAP 13.00% | rodadas 302
  rep 3 | I=0 S=1 L=1 R=1               custo 110.00 | GAP 10.00% | rodadas 312

Instância 102 | ótimo 100 | inicial 1012.00
  rep 1 | I=0 S=1 L=1 R=1               custo 100.00 | GAP 0.00% | rodadas 309
  rep 2 | I=0 S=1 L=1 R=1               custo 100.00 | GAP 0.00% | rodadas 309
  rep 3 | I=0 S=1 L=1 R=1               custo 100.00 | GAP 0.00% | rodadas 309

Instância 108 | ótimo 100 | inicial 1000.00
  rep 1 | I=0 S=1 L=1 R=1               custo 102.00 | GAP 2.00% | rodadas 356
  rep 2 | I=0 S=1 L=1 R=1               custo 102.00 | GAP 2.00% | rodadas 359
  rep 3 | I=0 S=1 L=1 R=1               custo 102.00 | GAP 2.00% | rodadas 346

Instância 109 | ótimo 101 | inicial 1118.00
  rep 1 | I=0 S=1 L=1 R=1               custo 101.00 | GAP 0.00% | rodadas 30
  rep 2 | I=0 S=1 L=1 R=1               custo 101.00 | GAP 0.00% | rodadas 30
  rep 3 | I=0 S=1 L=1 R=1               custo 101.00 | GAP 0.00% | rodadas 30

Instância 110 | ótimo 100 | inicial 1036.00
  rep 1 | I=0 S=1 L=1 R=1               custo 100.00 | GAP 0.00% | rodadas 60
  rep 2 | I=0 S=1 L=1 R=1               custo 100.00 | GAP 0.00% | rodadas 60
  rep 3 | I=0 S=1 L=1 R=1               custo 100.00 | GAP 0.00% | rodadas 60

Instância 111 | ótimo 100 | inicial 1240.00
  rep 1 | I=0 S=1 L=1 R=1               custo 100.00 | GAP 0.00% | rodadas 150
  rep 2 | I=0 S=1 L=1 R=1               custo 100.00 | GAP 0.00% | rodadas 150
  rep 3 | I=0 S=1 L=1 R=1               custo 100.00 | GAP 0.00% | rodadas 138

Instância 116 | ótimo 101 | inicial 1079.00
  rep 1 | I=0 S=1 L=1 R=1               custo 101.00 | GAP 0.00% | rodadas 30
  rep 2 | I=0 S=1 L=1 R=1               custo 101.00 | GAP 0.00% | rodadas 30
  rep 3 | I=0 S=1 L=1 R=1               custo 101.00 | GAP 0.00% | rodadas 30

Instância 119 | ótimo 100 | inicial 1054.00
  rep 1 | I=0 S=1 L=1 R=1               custo 102.00 | GAP 2.00% | rodadas 339
  rep 2 | I=0 S=1 L=1 R=1               custo 102.00 | GAP 2.00% | rodadas 317
  rep 3 | I=0 S=1 L=1 R=1               custo 102.00 | GAP 2.00% | rodadas 325

Instância 120 | ótimo 101 | inicial 1052.00
  rep 1 | I=0 S=1 L=1 R=1               custo 101.00 | GAP 0.00% | rodadas 30
  rep 2 | I=0 S=1 L=1 R=1               custo 101.00 | GAP 0.00% | rodadas 30
  rep 3 | I=0 S=1 L=1 R=1               custo 101.00 | GAP 0.00% | rodadas 30

Instância 121 | ótimo 100 | inicial 1145.00
  rep 1 | I=0 S=1 L=1 R=1               custo 105.00 | GAP 5.00% | rodadas 321
  rep 2 | I=0 S=1 L=1 R=1               custo 105.00 | GAP 5.00% | rodadas 300
  rep 3 | I=0 S=1 L=1 R=1               custo 105.00 | GAP 5.00% | rodadas 330

Instância 122 | ótimo 100 | inicial 1075.00
  rep 1 | I=0 S=1 L=1 R=1               custo 102.00 | GAP 2.00% | rodadas 372
  rep 2 | I=0 S=1 L=1 R=1               custo 102.00 | GAP 2.00% | rodadas 367
  rep 3 | I=0 S=1 L=1 R=1               custo 102.00 | GAP 2.00% | rodadas 337

Instância 123 | ótimo 100 | inicial 1001.00
  rep 1 | I=0 S=1 L=1 R=1               custo 100.00 | GAP 0.00% | rodadas 60
  rep 2 | I=0 S=1 L=1 R=1               custo 100.00 | GAP 0.00% | rodadas 60
  rep 3 | I=0 S=1 L=1 R=1               custo 100.00 | GAP 0.00% | rodadas 60

Instância 124 | ótimo 102 | inicial 1046.00
  rep 1 | I=0 S=1 L=1 R=1               custo 109.00 | GAP 6.86% | rodadas 309
  rep 2 | I=0 S=1 L=1 R=1               custo 110.00 | GAP 7.84% | rodadas 286
  rep 3 | I=0 S=1 L=1 R=1               custo 110.00 | GAP 7.84% | rodadas 295

Instância 125 | ótimo 100 | inicial 1079.00
  rep 1 | I=0 S=1 L=1 R=1               custo 102.00 | GAP 2.00% | rodadas 367
  rep 2 | I=0 S=1 L=1 R=1               custo 102.00 | GAP 2.00% | rodadas 395
  rep 3 | I=0 S=1 L=1 R=1               custo 102.00 | GAP 2.00% | rodadas 395

Instância 127 | ótimo 100 | inicial 1039.00
  rep 1 | I=0 S=1 L=1 R=1               custo 100.00 | GAP 0.00% | rodadas 285
  rep 2 | I=0 S=1 L=1 R=1               custo 100.00 | GAP 0.00% | rodadas 285
  rep 3 | I=0 S=1 L=1 R=1               custo 100.00 | GAP 0.00% | rodadas 285

Instância 128 | ótimo 101 | inicial 1035.00
  rep 1 | I=0 S=1 L=1 R=1               custo 128.00 | GAP 26.73% | rodadas 300
  rep 2 | I=0 S=1 L=1 R=1               custo 124.00 | GAP 22.77% | rodadas 310
  rep 3 | I=0 S=1 L=1 R=1               custo 126.00 | GAP 24.75% | rodadas 306

Instância 129 | ótimo 100 | inicial 1041.00
  rep 1 | I=0 S=1 L=1 R=1               custo 109.00 | GAP 9.00% | rodadas 350
  rep 2 | I=0 S=1 L=1 R=1               custo 109.00 | GAP 9.00% | rodadas 354
  rep 3 | I=0 S=1 L=1 R=1               custo 109.00 | GAP 9.00% | rodadas 332

Instância 130 | ótimo 101 | inicial 1097.00
  rep 1 | I=0 S=1 L=1 R=1               custo 101.00 | GAP 0.00% | rodadas 30
  rep 2 | I=0 S=1 L=1 R=1               custo 101.00 | GAP 0.00% | rodadas 30
  rep 3 | I=0 S=1 L=1 R=1               custo 101.00 | GAP 0.00% | rodadas 30

Instância 131 | ótimo 100 | inicial 1044.00
  rep 1 | I=0 S=1 L=1 R=1               custo 100.00 | GAP 0.00% | rodadas 30
  rep 2 | I=0 S=1 L=1 R=1               custo 100.00 | GAP 0.00% | rodadas 30
  rep 3 | I=0 S=1 L=1 R=1               custo 100.00 | GAP 0.00% | rodadas 30

Instância 132 | ótimo 103 | inicial 1069.00
  rep 1 | I=0 S=1 L=1 R=1               custo 103.00 | GAP 0.00% | rodadas 120
  rep 2 | I=0 S=1 L=1 R=1               custo 103.00 | GAP 0.00% | rodadas 120
  rep 3 | I=0 S=1 L=1 R=1               custo 103.00 | GAP 0.00% | rodadas 120

Instância 134 | ótimo 101 | inicial 1036.00
  rep 1 | I=0 S=1 L=1 R=1               custo 101.00 | GAP 0.00% | rodadas 180
  rep 2 | I=0 S=1 L=1 R=1               custo 101.00 | GAP 0.00% | rodadas 180
  rep 3 | I=0 S=1 L=1 R=1               custo 101.00 | GAP 0.00% | rodadas 180

Instância 135 | ótimo 100 | inicial 1049.00
  rep 1 | I=0 S=1 L=1 R=1               custo 100.00 | GAP 0.00% | rodadas 90
  rep 2 | I=0 S=1 L=1 R=1               custo 100.00 | GAP 0.00% | rodadas 90
  rep 3 | I=0 S=1 L=1 R=1               custo 100.00 | GAP 0.00% | rodadas 90

Instância 137 | ótimo 101 | inicial 1132.00
  rep 1 | I=0 S=1 L=1 R=1               custo 101.00 | GAP 0.00% | rodadas 309
  rep 2 | I=0 S=1 L=1 R=1               custo 101.00 | GAP 0.00% | rodadas 309
  rep 3 | I=0 S=1 L=1 R=1               custo 101.00 | GAP 0.00% | rodadas 309

Instância 138 | ótimo 100 | inicial 1032.00
  rep 1 | I=0 S=1 L=1 R=1               custo 100.00 | GAP 0.00% | rodadas 30
  rep 2 | I=0 S=1 L=1 R=1               custo 100.00 | GAP 0.00% | rodadas 30
  rep 3 | I=0 S=1 L=1 R=1               custo 100.00 | GAP 0.00% | rodadas 30

Instância 141 | ótimo 101 | inicial 1001.00
  rep 1 | I=0 S=1 L=1 R=1               custo 101.00 | GAP 0.00% | rodadas 90
  rep 2 | I=0 S=1 L=1 R=1               custo 101.00 | GAP 0.00% | rodadas 90
  rep 3 | I=0 S=1 L=1 R=1               custo 101.00 | GAP 0.00% | rodadas 90

Instância 142 | ótimo 100 | inicial 1124.00
  rep 1 | I=0 S=1 L=1 R=1               custo 101.00 | GAP 1.00% | rodadas 359
  rep 2 | I=0 S=1 L=1 R=1               custo 101.00 | GAP 1.00% | rodadas 348
  rep 3 | I=0 S=1 L=1 R=1               custo 101.00 | GAP 1.00% | rodadas 360

Instância 143 | ótimo 100 | inicial 1090.00
  rep 1 | I=0 S=1 L=1 R=1               custo 105.00 | GAP 5.00% | rodadas 334
  rep 2 | I=0 S=1 L=1 R=1               custo 104.00 | GAP 4.00% | rodadas 349
  rep 3 | I=0 S=1 L=1 R=1               custo 105.00 | GAP 5.00% | rodadas 328

Instância 144 | ótimo 101 | inicial 1020.00
  rep 1 | I=0 S=1 L=1 R=1               custo 101.00 | GAP 0.00% | rodadas 120
  rep 2 | I=0 S=1 L=1 R=1               custo 101.00 | GAP 0.00% | rodadas 120
  rep 3 | I=0 S=1 L=1 R=1               custo 101.00 | GAP 0.00% | rodadas 120

Instância 145 | ótimo 101 | inicial 1132.00
  rep 1 | I=0 S=1 L=1 R=1               custo 101.00 | GAP 0.00% | rodadas 60
  rep 2 | I=0 S=1 L=1 R=1               custo 101.00 | GAP 0.00% | rodadas 60
  rep 3 | I=0 S=1 L=1 R=1               custo 101.00 | GAP 0.00% | rodadas 60

Instância 146 | ótimo 100 | inicial 981.00
  rep 1 | I=0 S=1 L=1 R=1               custo 102.00 | GAP 2.00% | rodadas 320
  rep 2 | I=0 S=1 L=1 R=1               custo 102.00 | GAP 2.00% | rodadas 309
  rep 3 | I=0 S=1 L=1 R=1               custo 102.00 | GAP 2.00% | rodadas 319

Instância 147 | ótimo 100 | inicial 1083.00
  rep 1 | I=0 S=1 L=1 R=1               custo 111.00 | GAP 11.00% | rodadas 295
  rep 2 | I=0 S=1 L=1 R=1               custo 111.00 | GAP 11.00% | rodadas 284
  rep 3 | I=0 S=1 L=1 R=1               custo 111.00 | GAP 11.00% | rodadas 300

Instância 148 | ótimo 101 | inicial 1077.00
  rep 1 | I=0 S=1 L=1 R=1               custo 101.00 | GAP 0.00% | rodadas 150
  rep 2 | I=0 S=1 L=1 R=1               custo 101.00 | GAP 0.00% | rodadas 150
  rep 3 | I=0 S=1 L=1 R=1               custo 101.00 | GAP 0.00% | rodadas 150

Instância 149 | ótimo 100 | inicial 985.00
  rep 1 | I=0 S=1 L=1 R=1               custo 100.00 | GAP 0.00% | rodadas 30
  rep 2 | I=0 S=1 L=1 R=1               custo 100.00 | GAP 0.00% | rodadas 30
  rep 3 | I=0 S=1 L=1 R=1               custo 100.00 | GAP 0.00% | rodadas 30

Instância 150 | ótimo 100 | inicial 1009.00
  rep 1 | I=0 S=1 L=1 R=1               custo 103.00 | GAP 3.00% | rodadas 344
  rep 2 | I=0 S=1 L=1 R=1               custo 103.00 | GAP 3.00% | rodadas 349
  rep 3 | I=0 S=1 L=1 R=1               custo 103.00 | GAP 3.00% | rodadas 332

CSV salvo em data/experiments/ablation_0.55s/i0_s1_l1_r1.csv
