Experimento GLS/GFLS
Instâncias: 94 | repetições: 3 | orçamentos: 0.55s por variante

=== Orçamento 0.55 s ===

Instância 1 | ótimo 100 | inicial 1103
  rep 1 | I=0 S=0 L=0 R=1               custo   104 | GAP 4.00% | rodadas 406
  rep 2 | I=0 S=0 L=0 R=1               custo 104.00 | GAP 4.00% | rodadas 390
  rep 3 | I=0 S=0 L=0 R=1               custo 104.00 | GAP 4.00% | rodadas 402

Instância 5 | ótimo 100 | inicial 1045.00
  rep 1 | I=0 S=0 L=0 R=1               custo 113.00 | GAP 13.00% | rodadas 299
  rep 2 | I=0 S=0 L=0 R=1               custo 118.00 | GAP 18.00% | rodadas 271
  rep 3 | I=0 S=0 L=0 R=1               custo 113.00 | GAP 13.00% | rodadas 299

Instância 7 | ótimo 100 | inicial 1051.00
  rep 1 | I=0 S=0 L=0 R=1               custo 112.00 | GAP 12.00% | rodadas 409
  rep 2 | I=0 S=0 L=0 R=1               custo 112.00 | GAP 12.00% | rodadas 412
  rep 3 | I=0 S=0 L=0 R=1               custo 112.00 | GAP 12.00% | rodadas 407

Instância 8 | ótimo 101 | inicial 1104.00
  rep 1 | I=0 S=0 L=0 R=1               custo 102.00 | GAP 0.99% | rodadas 528
  rep 2 | I=0 S=0 L=0 R=1               custo 102.00 | GAP 0.99% | rodadas 506
  rep 3 | I=0 S=0 L=0 R=1               custo 102.00 | GAP 0.99% | rodadas 502

Instância 11 | ótimo 100 | inicial 1131.00
  rep 1 | I=0 S=0 L=0 R=1               custo 118.00 | GAP 18.00% | rodadas 290
  rep 2 | I=0 S=0 L=0 R=1               custo 118.00 | GAP 18.00% | rodadas 275
  rep 3 | I=0 S=0 L=0 R=1               custo 118.00 | GAP 18.00% | rodadas 262

Instância 13 | ótimo 101 | inicial 1042.00
  rep 1 | I=0 S=0 L=0 R=1               custo 107.00 | GAP 5.94% | rodadas 320
  rep 2 | I=0 S=0 L=0 R=1               custo 107.00 | GAP 5.94% | rodadas 332
  rep 3 | I=0 S=0 L=0 R=1               custo 107.00 | GAP 5.94% | rodadas 345

Instância 14 | ótimo 101 | inicial 993.00
  rep 1 | I=0 S=0 L=0 R=1               custo 109.00 | GAP 7.92% | rodadas 373
  rep 2 | I=0 S=0 L=0 R=1               custo 109.00 | GAP 7.92% | rodadas 375
  rep 3 | I=0 S=0 L=0 R=1               custo 109.00 | GAP 7.92% | rodadas 396

Instância 15 | ótimo 100 | inicial 988.00
  rep 1 | I=0 S=0 L=0 R=1               custo 103.00 | GAP 3.00% | rodadas 395
  rep 2 | I=0 S=0 L=0 R=1               custo 103.00 | GAP 3.00% | rodadas 383
  rep 3 | I=0 S=0 L=0 R=1               custo 103.00 | GAP 3.00% | rodadas 375

Instância 17 | ótimo 100 | inicial 1102.00
  rep 1 | I=0 S=0 L=0 R=1               custo 102.00 | GAP 2.00% | rodadas 401
  rep 2 | I=0 S=0 L=0 R=1               custo 102.00 | GAP 2.00% | rodadas 411
  rep 3 | I=0 S=0 L=0 R=1               custo 102.00 | GAP 2.00% | rodadas 391

Instância 19 | ótimo 102 | inicial 1029.00
  rep 1 | I=0 S=0 L=0 R=1               custo 112.00 | GAP 9.80% | rodadas 352
  rep 2 | I=0 S=0 L=0 R=1               custo 112.00 | GAP 9.80% | rodadas 352
  rep 3 | I=0 S=0 L=0 R=1               custo 112.00 | GAP 9.80% | rodadas 348

Instância 21 | ótimo 101 | inicial 1134.00
  rep 1 | I=0 S=0 L=0 R=1               custo 105.00 | GAP 3.96% | rodadas 449
  rep 2 | I=0 S=0 L=0 R=1               custo 106.00 | GAP 4.95% | rodadas 433
  rep 3 | I=0 S=0 L=0 R=1               custo 105.00 | GAP 3.96% | rodadas 443

Instância 22 | ótimo 101 | inicial 1069.00
  rep 1 | I=0 S=0 L=0 R=1               custo 108.00 | GAP 6.93% | rodadas 406
  rep 2 | I=0 S=0 L=0 R=1               custo 108.00 | GAP 6.93% | rodadas 400
  rep 3 | I=0 S=0 L=0 R=1               custo 108.00 | GAP 6.93% | rodadas 399

Instância 23 | ótimo 100 | inicial 1070.00
  rep 1 | I=0 S=0 L=0 R=1               custo 109.00 | GAP 9.00% | rodadas 407
  rep 2 | I=0 S=0 L=0 R=1               custo 109.00 | GAP 9.00% | rodadas 380
  rep 3 | I=0 S=0 L=0 R=1               custo 109.00 | GAP 9.00% | rodadas 404

Instância 24 | ótimo 102 | inicial 1062.00
  rep 1 | I=0 S=0 L=0 R=1               custo 106.00 | GAP 3.92% | rodadas 343
  rep 2 | I=0 S=0 L=0 R=1               custo 106.00 | GAP 3.92% | rodadas 338
  rep 3 | I=0 S=0 L=0 R=1               custo 106.00 | GAP 3.92% | rodadas 333

Instância 25 | ótimo 103 | inicial 1062.00
  rep 1 | I=0 S=0 L=0 R=1               custo 109.00 | GAP 5.83% | rodadas 443
  rep 2 | I=0 S=0 L=0 R=1               custo 109.00 | GAP 5.83% | rodadas 451
  rep 3 | I=0 S=0 L=0 R=1               custo 109.00 | GAP 5.83% | rodadas 426

Instância 28 | ótimo 102 | inicial 1085.00
  rep 1 | I=0 S=0 L=0 R=1               custo 159.00 | GAP 55.88% | rodadas 239
  rep 2 | I=0 S=0 L=0 R=1               custo 155.00 | GAP 51.96% | rodadas 253
  rep 3 | I=0 S=0 L=0 R=1               custo 159.00 | GAP 55.88% | rodadas 240

Instância 29 | ótimo 101 | inicial 926.00
  rep 1 | I=0 S=0 L=0 R=1               custo 109.00 | GAP 7.92% | rodadas 395
  rep 2 | I=0 S=0 L=0 R=1               custo 109.00 | GAP 7.92% | rodadas 405
  rep 3 | I=0 S=0 L=0 R=1               custo 109.00 | GAP 7.92% | rodadas 409

Instância 30 | ótimo 102 | inicial 1103.00
  rep 1 | I=0 S=0 L=0 R=1               custo 104.00 | GAP 1.96% | rodadas 511
  rep 2 | I=0 S=0 L=0 R=1               custo 104.00 | GAP 1.96% | rodadas 530
  rep 3 | I=0 S=0 L=0 R=1               custo 104.00 | GAP 1.96% | rodadas 506

Instância 31 | ótimo 100 | inicial 1060.00
  rep 1 | I=0 S=0 L=0 R=1               custo 100.00 | GAP 0.00% | rodadas 30
  rep 2 | I=0 S=0 L=0 R=1               custo 100.00 | GAP 0.00% | rodadas 30
  rep 3 | I=0 S=0 L=0 R=1               custo 100.00 | GAP 0.00% | rodadas 30

Instância 33 | ótimo 100 | inicial 1097.00
  rep 1 | I=0 S=0 L=0 R=1               custo 106.00 | GAP 6.00% | rodadas 412
  rep 2 | I=0 S=0 L=0 R=1               custo 106.00 | GAP 6.00% | rodadas 409
  rep 3 | I=0 S=0 L=0 R=1               custo 106.00 | GAP 6.00% | rodadas 435

Instância 35 | ótimo 101 | inicial 1031.00
  rep 1 | I=0 S=0 L=0 R=1               custo 118.00 | GAP 16.83% | rodadas 353
  rep 2 | I=0 S=0 L=0 R=1               custo 118.00 | GAP 16.83% | rodadas 325
  rep 3 | I=0 S=0 L=0 R=1               custo 118.00 | GAP 16.83% | rodadas 312

Instância 40 | ótimo 101 | inicial 1081.00
  rep 1 | I=0 S=0 L=0 R=1               custo 114.00 | GAP 12.87% | rodadas 244
  rep 2 | I=0 S=0 L=0 R=1               custo 112.00 | GAP 10.89% | rodadas 265
  rep 3 | I=0 S=0 L=0 R=1               custo 112.00 | GAP 10.89% | rodadas 267

Instância 41 | ótimo 101 | inicial 1113.00
  rep 1 | I=0 S=0 L=0 R=1               custo 102.00 | GAP 0.99% | rodadas 438
  rep 2 | I=0 S=0 L=0 R=1               custo 102.00 | GAP 0.99% | rodadas 424
  rep 3 | I=0 S=0 L=0 R=1               custo 102.00 | GAP 0.99% | rodadas 373

Instância 42 | ótimo 100 | inicial 1032.00
  rep 1 | I=0 S=0 L=0 R=1               custo 108.00 | GAP 8.00% | rodadas 257
  rep 2 | I=0 S=0 L=0 R=1               custo 108.00 | GAP 8.00% | rodadas 292
  rep 3 | I=0 S=0 L=0 R=1               custo 108.00 | GAP 8.00% | rodadas 300

Instância 43 | ótimo 100 | inicial 1013.00
  rep 1 | I=0 S=0 L=0 R=1               custo 112.00 | GAP 12.00% | rodadas 285
  rep 2 | I=0 S=0 L=0 R=1               custo 112.00 | GAP 12.00% | rodadas 307
  rep 3 | I=0 S=0 L=0 R=1               custo 112.00 | GAP 12.00% | rodadas 303

Instância 44 | ótimo 101 | inicial 1023.00
  rep 1 | I=0 S=0 L=0 R=1               custo 111.00 | GAP 9.90% | rodadas 412
  rep 2 | I=0 S=0 L=0 R=1               custo 111.00 | GAP 9.90% | rodadas 413
  rep 3 | I=0 S=0 L=0 R=1               custo 111.00 | GAP 9.90% | rodadas 416

Instância 45 | ótimo 100 | inicial 1109.00
  rep 1 | I=0 S=0 L=0 R=1               custo 105.00 | GAP 5.00% | rodadas 376
  rep 2 | I=0 S=0 L=0 R=1               custo 105.00 | GAP 5.00% | rodadas 386
  rep 3 | I=0 S=0 L=0 R=1               custo 105.00 | GAP 5.00% | rodadas 381

Instância 47 | ótimo 100 | inicial 1035.00
  rep 1 | I=0 S=0 L=0 R=1               custo 113.00 | GAP 13.00% | rodadas 390
  rep 2 | I=0 S=0 L=0 R=1               custo 113.00 | GAP 13.00% | rodadas 406
  rep 3 | I=0 S=0 L=0 R=1               custo 113.00 | GAP 13.00% | rodadas 393

Instância 48 | ótimo 101 | inicial 1074.00
  rep 1 | I=0 S=0 L=0 R=1               custo 101.00 | GAP 0.00% | rodadas 30
  rep 2 | I=0 S=0 L=0 R=1               custo 101.00 | GAP 0.00% | rodadas 30
  rep 3 | I=0 S=0 L=0 R=1               custo 101.00 | GAP 0.00% | rodadas 30

Instância 50 | ótimo 100 | inicial 1003.00
  rep 1 | I=0 S=0 L=0 R=1               custo 107.00 | GAP 7.00% | rodadas 406
  rep 2 | I=0 S=0 L=0 R=1               custo 107.00 | GAP 7.00% | rodadas 426
  rep 3 | I=0 S=0 L=0 R=1               custo 107.00 | GAP 7.00% | rodadas 401

Instância 51 | ótimo 100 | inicial 1002.00
  rep 1 | I=0 S=0 L=0 R=1               custo 101.00 | GAP 1.00% | rodadas 455
  rep 2 | I=0 S=0 L=0 R=1               custo 101.00 | GAP 1.00% | rodadas 479
  rep 3 | I=0 S=0 L=0 R=1               custo 101.00 | GAP 1.00% | rodadas 440

Instância 52 | ótimo 101 | inicial 985.00
  rep 1 | I=0 S=0 L=0 R=1               custo 104.00 | GAP 2.97% | rodadas 380
  rep 2 | I=0 S=0 L=0 R=1               custo 104.00 | GAP 2.97% | rodadas 470
  rep 3 | I=0 S=0 L=0 R=1               custo 104.00 | GAP 2.97% | rodadas 483

Instância 54 | ótimo 100 | inicial 1041.00
  rep 1 | I=0 S=0 L=0 R=1               custo 101.00 | GAP 1.00% | rodadas 557
  rep 2 | I=0 S=0 L=0 R=1               custo 101.00 | GAP 1.00% | rodadas 561
  rep 3 | I=0 S=0 L=0 R=1               custo 101.00 | GAP 1.00% | rodadas 547

Instância 56 | ótimo 101 | inicial 1000.00
  rep 1 | I=0 S=0 L=0 R=1               custo 101.00 | GAP 0.00% | rodadas 210
  rep 2 | I=0 S=0 L=0 R=1               custo 101.00 | GAP 0.00% | rodadas 210
  rep 3 | I=0 S=0 L=0 R=1               custo 101.00 | GAP 0.00% | rodadas 210

Instância 57 | ótimo 100 | inicial 1048.00
  rep 1 | I=0 S=0 L=0 R=1               custo 100.00 | GAP 0.00% | rodadas 30
  rep 2 | I=0 S=0 L=0 R=1               custo 100.00 | GAP 0.00% | rodadas 30
  rep 3 | I=0 S=0 L=0 R=1               custo 100.00 | GAP 0.00% | rodadas 30

Instância 58 | ótimo 100 | inicial 987.00
  rep 1 | I=0 S=0 L=0 R=1               custo 109.00 | GAP 9.00% | rodadas 346
  rep 2 | I=0 S=0 L=0 R=1               custo 109.00 | GAP 9.00% | rodadas 360
  rep 3 | I=0 S=0 L=0 R=1               custo 109.00 | GAP 9.00% | rodadas 402

Instância 60 | ótimo 100 | inicial 1064.00
  rep 1 | I=0 S=0 L=0 R=1               custo 103.00 | GAP 3.00% | rodadas 420
  rep 2 | I=0 S=0 L=0 R=1               custo 103.00 | GAP 3.00% | rodadas 386
  rep 3 | I=0 S=0 L=0 R=1               custo 103.00 | GAP 3.00% | rodadas 386

Instância 61 | ótimo 101 | inicial 1095.00
  rep 1 | I=0 S=0 L=0 R=1               custo 108.00 | GAP 6.93% | rodadas 339
  rep 2 | I=0 S=0 L=0 R=1               custo 108.00 | GAP 6.93% | rodadas 349
  rep 3 | I=0 S=0 L=0 R=1               custo 108.00 | GAP 6.93% | rodadas 352

Instância 63 | ótimo 100 | inicial 989.00
  rep 1 | I=0 S=0 L=0 R=1               custo 108.00 | GAP 8.00% | rodadas 450
  rep 2 | I=0 S=0 L=0 R=1               custo 108.00 | GAP 8.00% | rodadas 441
  rep 3 | I=0 S=0 L=0 R=1               custo 108.00 | GAP 8.00% | rodadas 428

Instância 64 | ótimo 100 | inicial 1018.00
  rep 1 | I=0 S=0 L=0 R=1               custo 102.00 | GAP 2.00% | rodadas 444
  rep 2 | I=0 S=0 L=0 R=1               custo 102.00 | GAP 2.00% | rodadas 446
  rep 3 | I=0 S=0 L=0 R=1               custo 102.00 | GAP 2.00% | rodadas 425

Instância 65 | ótimo 100 | inicial 1073.00
  rep 1 | I=0 S=0 L=0 R=1               custo 116.00 | GAP 16.00% | rodadas 310
  rep 2 | I=0 S=0 L=0 R=1               custo 116.00 | GAP 16.00% | rodadas 341
  rep 3 | I=0 S=0 L=0 R=1               custo 116.00 | GAP 16.00% | rodadas 360

Instância 67 | ótimo 100 | inicial 1110.00
  rep 1 | I=0 S=0 L=0 R=1               custo 102.00 | GAP 2.00% | rodadas 463
  rep 2 | I=0 S=0 L=0 R=1               custo 102.00 | GAP 2.00% | rodadas 465
  rep 3 | I=0 S=0 L=0 R=1               custo 102.00 | GAP 2.00% | rodadas 458

Instância 73 | ótimo 102 | inicial 958.00
  rep 1 | I=0 S=0 L=0 R=1               custo 110.00 | GAP 7.84% | rodadas 386
  rep 2 | I=0 S=0 L=0 R=1               custo 110.00 | GAP 7.84% | rodadas 390
  rep 3 | I=0 S=0 L=0 R=1               custo 110.00 | GAP 7.84% | rodadas 383

Instância 74 | ótimo 100 | inicial 1047.00
  rep 1 | I=0 S=0 L=0 R=1               custo 100.00 | GAP 0.00% | rodadas 60
  rep 2 | I=0 S=0 L=0 R=1               custo 100.00 | GAP 0.00% | rodadas 60
  rep 3 | I=0 S=0 L=0 R=1               custo 100.00 | GAP 0.00% | rodadas 60

Instância 75 | ótimo 100 | inicial 1008.00
  rep 1 | I=0 S=0 L=0 R=1               custo 100.00 | GAP 0.00% | rodadas 30
  rep 2 | I=0 S=0 L=0 R=1               custo 100.00 | GAP 0.00% | rodadas 30
  rep 3 | I=0 S=0 L=0 R=1               custo 100.00 | GAP 0.00% | rodadas 30

Instância 76 | ótimo 100 | inicial 996.00
  rep 1 | I=0 S=0 L=0 R=1               custo 113.00 | GAP 13.00% | rodadas 464
  rep 2 | I=0 S=0 L=0 R=1               custo 113.00 | GAP 13.00% | rodadas 465
  rep 3 | I=0 S=0 L=0 R=1               custo 113.00 | GAP 13.00% | rodadas 477

Instância 77 | ótimo 103 | inicial 1004.00
  rep 1 | I=0 S=0 L=0 R=1               custo 107.00 | GAP 3.88% | rodadas 363
  rep 2 | I=0 S=0 L=0 R=1               custo 107.00 | GAP 3.88% | rodadas 352
  rep 3 | I=0 S=0 L=0 R=1               custo 107.00 | GAP 3.88% | rodadas 361

Instância 81 | ótimo 101 | inicial 1013.00
  rep 1 | I=0 S=0 L=0 R=1               custo 113.00 | GAP 11.88% | rodadas 333
  rep 2 | I=0 S=0 L=0 R=1               custo 113.00 | GAP 11.88% | rodadas 321
  rep 3 | I=0 S=0 L=0 R=1               custo 113.00 | GAP 11.88% | rodadas 309

Instância 82 | ótimo 100 | inicial 973.00
  rep 1 | I=0 S=0 L=0 R=1               custo 102.00 | GAP 2.00% | rodadas 576
  rep 2 | I=0 S=0 L=0 R=1               custo 102.00 | GAP 2.00% | rodadas 570
  rep 3 | I=0 S=0 L=0 R=1               custo 102.00 | GAP 2.00% | rodadas 572

Instância 84 | ótimo 100 | inicial 1073.00
  rep 1 | I=0 S=0 L=0 R=1               custo 100.00 | GAP 0.00% | rodadas 30
  rep 2 | I=0 S=0 L=0 R=1               custo 100.00 | GAP 0.00% | rodadas 30
  rep 3 | I=0 S=0 L=0 R=1               custo 100.00 | GAP 0.00% | rodadas 30

Instância 85 | ótimo 101 | inicial 1070.00
  rep 1 | I=0 S=0 L=0 R=1               custo 106.00 | GAP 4.95% | rodadas 456
  rep 2 | I=0 S=0 L=0 R=1               custo 106.00 | GAP 4.95% | rodadas 473
  rep 3 | I=0 S=0 L=0 R=1               custo 106.00 | GAP 4.95% | rodadas 447

Instância 86 | ótimo 102 | inicial 1005.00
  rep 1 | I=0 S=0 L=0 R=1               custo 104.00 | GAP 1.96% | rodadas 519
  rep 2 | I=0 S=0 L=0 R=1               custo 104.00 | GAP 1.96% | rodadas 552
  rep 3 | I=0 S=0 L=0 R=1               custo 104.00 | GAP 1.96% | rodadas 537

Instância 87 | ótimo 101 | inicial 951.00
  rep 1 | I=0 S=0 L=0 R=1               custo 106.00 | GAP 4.95% | rodadas 457
  rep 2 | I=0 S=0 L=0 R=1               custo 106.00 | GAP 4.95% | rodadas 479
  rep 3 | I=0 S=0 L=0 R=1               custo 106.00 | GAP 4.95% | rodadas 467

Instância 88 | ótimo 101 | inicial 1110.00
  rep 1 | I=0 S=0 L=0 R=1               custo 111.00 | GAP 9.90% | rodadas 476
  rep 2 | I=0 S=0 L=0 R=1               custo 111.00 | GAP 9.90% | rodadas 463
  rep 3 | I=0 S=0 L=0 R=1               custo 111.00 | GAP 9.90% | rodadas 471

Instância 89 | ótimo 101 | inicial 1088.00
  rep 1 | I=0 S=0 L=0 R=1               custo 105.00 | GAP 3.96% | rodadas 417
  rep 2 | I=0 S=0 L=0 R=1               custo 105.00 | GAP 3.96% | rodadas 413
  rep 3 | I=0 S=0 L=0 R=1               custo 105.00 | GAP 3.96% | rodadas 425

Instância 90 | ótimo 100 | inicial 1052.00
  rep 1 | I=0 S=0 L=0 R=1               custo 112.00 | GAP 12.00% | rodadas 418
  rep 2 | I=0 S=0 L=0 R=1               custo 112.00 | GAP 12.00% | rodadas 417
  rep 3 | I=0 S=0 L=0 R=1               custo 112.00 | GAP 12.00% | rodadas 407

Instância 95 | ótimo 100 | inicial 1148.00
  rep 1 | I=0 S=0 L=0 R=1               custo 101.00 | GAP 1.00% | rodadas 480
  rep 2 | I=0 S=0 L=0 R=1               custo 101.00 | GAP 1.00% | rodadas 473
  rep 3 | I=0 S=0 L=0 R=1               custo 101.00 | GAP 1.00% | rodadas 455

Instância 98 | ótimo 101 | inicial 1021.00
  rep 1 | I=0 S=0 L=0 R=1               custo 116.00 | GAP 14.85% | rodadas 367
  rep 2 | I=0 S=0 L=0 R=1               custo 116.00 | GAP 14.85% | rodadas 379
  rep 3 | I=0 S=0 L=0 R=1               custo 116.00 | GAP 14.85% | rodadas 354

Instância 99 | ótimo 100 | inicial 1045.00
  rep 1 | I=0 S=0 L=0 R=1               custo 104.00 | GAP 4.00% | rodadas 464
  rep 2 | I=0 S=0 L=0 R=1               custo 104.00 | GAP 4.00% | rodadas 476
  rep 3 | I=0 S=0 L=0 R=1               custo 104.00 | GAP 4.00% | rodadas 474

Instância 100 | ótimo 101 | inicial 972.00
  rep 1 | I=0 S=0 L=0 R=1               custo 170.00 | GAP 68.32% | rodadas 337
  rep 2 | I=0 S=0 L=0 R=1               custo 170.00 | GAP 68.32% | rodadas 339
  rep 3 | I=0 S=0 L=0 R=1               custo 170.00 | GAP 68.32% | rodadas 340

Instância 101 | ótimo 100 | inicial 1040.00
  rep 1 | I=0 S=0 L=0 R=1               custo 135.00 | GAP 35.00% | rodadas 309
  rep 2 | I=0 S=0 L=0 R=1               custo 135.00 | GAP 35.00% | rodadas 303
  rep 3 | I=0 S=0 L=0 R=1               custo 135.00 | GAP 35.00% | rodadas 306

Instância 102 | ótimo 100 | inicial 1012.00
  rep 1 | I=0 S=0 L=0 R=1               custo 109.00 | GAP 9.00% | rodadas 336
  rep 2 | I=0 S=0 L=0 R=1               custo 109.00 | GAP 9.00% | rodadas 360
  rep 3 | I=0 S=0 L=0 R=1               custo 109.00 | GAP 9.00% | rodadas 350

Instância 108 | ótimo 100 | inicial 1000.00
  rep 1 | I=0 S=0 L=0 R=1               custo 115.00 | GAP 15.00% | rodadas 405
  rep 2 | I=0 S=0 L=0 R=1               custo 115.00 | GAP 15.00% | rodadas 403
  rep 3 | I=0 S=0 L=0 R=1               custo 116.00 | GAP 16.00% | rodadas 363

Instância 109 | ótimo 101 | inicial 1118.00
  rep 1 | I=0 S=0 L=0 R=1               custo 101.00 | GAP 0.00% | rodadas 30
  rep 2 | I=0 S=0 L=0 R=1               custo 101.00 | GAP 0.00% | rodadas 30
  rep 3 | I=0 S=0 L=0 R=1               custo 101.00 | GAP 0.00% | rodadas 30

Instância 110 | ótimo 100 | inicial 1036.00
  rep 1 | I=0 S=0 L=0 R=1               custo 103.00 | GAP 3.00% | rodadas 462
  rep 2 | I=0 S=0 L=0 R=1               custo 103.00 | GAP 3.00% | rodadas 451
  rep 3 | I=0 S=0 L=0 R=1               custo 103.00 | GAP 3.00% | rodadas 459

Instância 111 | ótimo 100 | inicial 1240.00
  rep 1 | I=0 S=0 L=0 R=1               custo 108.00 | GAP 8.00% | rodadas 409
  rep 2 | I=0 S=0 L=0 R=1               custo 108.00 | GAP 8.00% | rodadas 424
  rep 3 | I=0 S=0 L=0 R=1               custo 108.00 | GAP 8.00% | rodadas 415

Instância 116 | ótimo 101 | inicial 1079.00
  rep 1 | I=0 S=0 L=0 R=1               custo 103.00 | GAP 1.98% | rodadas 540
  rep 2 | I=0 S=0 L=0 R=1               custo 103.00 | GAP 1.98% | rodadas 535
  rep 3 | I=0 S=0 L=0 R=1               custo 103.00 | GAP 1.98% | rodadas 553

Instância 119 | ótimo 100 | inicial 1054.00
  rep 1 | I=0 S=0 L=0 R=1               custo 112.00 | GAP 12.00% | rodadas 424
  rep 2 | I=0 S=0 L=0 R=1               custo 112.00 | GAP 12.00% | rodadas 427
  rep 3 | I=0 S=0 L=0 R=1               custo 112.00 | GAP 12.00% | rodadas 431

Instância 120 | ótimo 101 | inicial 1052.00
  rep 1 | I=0 S=0 L=0 R=1               custo 102.00 | GAP 0.99% | rodadas 516
  rep 2 | I=0 S=0 L=0 R=1               custo 102.00 | GAP 0.99% | rodadas 535
  rep 3 | I=0 S=0 L=0 R=1               custo 102.00 | GAP 0.99% | rodadas 535

Instância 121 | ótimo 100 | inicial 1145.00
  rep 1 | I=0 S=0 L=0 R=1               custo 107.00 | GAP 7.00% | rodadas 311
  rep 2 | I=0 S=0 L=0 R=1               custo 107.00 | GAP 7.00% | rodadas 326
  rep 3 | I=0 S=0 L=0 R=1               custo 107.00 | GAP 7.00% | rodadas 326

Instância 122 | ótimo 100 | inicial 1075.00
  rep 1 | I=0 S=0 L=0 R=1               custo 110.00 | GAP 10.00% | rodadas 460
  rep 2 | I=0 S=0 L=0 R=1               custo 110.00 | GAP 10.00% | rodadas 467
  rep 3 | I=0 S=0 L=0 R=1               custo 110.00 | GAP 10.00% | rodadas 468

Instância 123 | ótimo 100 | inicial 1001.00
  rep 1 | I=0 S=0 L=0 R=1               custo 103.00 | GAP 3.00% | rodadas 450
  rep 2 | I=0 S=0 L=0 R=1               custo 103.00 | GAP 3.00% | rodadas 477
  rep 3 | I=0 S=0 L=0 R=1               custo 103.00 | GAP 3.00% | rodadas 479

Instância 124 | ótimo 102 | inicial 1046.00
  rep 1 | I=0 S=0 L=0 R=1               custo 116.00 | GAP 13.73% | rodadas 345
  rep 2 | I=0 S=0 L=0 R=1               custo 116.00 | GAP 13.73% | rodadas 354
  rep 3 | I=0 S=0 L=0 R=1               custo 116.00 | GAP 13.73% | rodadas 365

Instância 125 | ótimo 100 | inicial 1079.00
  rep 1 | I=0 S=0 L=0 R=1               custo 107.00 | GAP 7.00% | rodadas 492
  rep 2 | I=0 S=0 L=0 R=1               custo 107.00 | GAP 7.00% | rodadas 480
  rep 3 | I=0 S=0 L=0 R=1               custo 107.00 | GAP 7.00% | rodadas 485

Instância 127 | ótimo 100 | inicial 1039.00
  rep 1 | I=0 S=0 L=0 R=1               custo 105.00 | GAP 5.00% | rodadas 380
  rep 2 | I=0 S=0 L=0 R=1               custo 105.00 | GAP 5.00% | rodadas 372
  rep 3 | I=0 S=0 L=0 R=1               custo 105.00 | GAP 5.00% | rodadas 398

Instância 128 | ótimo 101 | inicial 1035.00
  rep 1 | I=0 S=0 L=0 R=1               custo 152.00 | GAP 50.50% | rodadas 317
  rep 2 | I=0 S=0 L=0 R=1               custo 152.00 | GAP 50.50% | rodadas 300
  rep 3 | I=0 S=0 L=0 R=1               custo 152.00 | GAP 50.50% | rodadas 314

Instância 129 | ótimo 100 | inicial 1041.00
  rep 1 | I=0 S=0 L=0 R=1               custo 125.00 | GAP 25.00% | rodadas 325
  rep 2 | I=0 S=0 L=0 R=1               custo 125.00 | GAP 25.00% | rodadas 318
  rep 3 | I=0 S=0 L=0 R=1               custo 125.00 | GAP 25.00% | rodadas 330

Instância 130 | ótimo 101 | inicial 1097.00
  rep 1 | I=0 S=0 L=0 R=1               custo 101.00 | GAP 0.00% | rodadas 30
  rep 2 | I=0 S=0 L=0 R=1               custo 101.00 | GAP 0.00% | rodadas 30
  rep 3 | I=0 S=0 L=0 R=1               custo 101.00 | GAP 0.00% | rodadas 30

Instância 131 | ótimo 100 | inicial 1044.00
  rep 1 | I=0 S=0 L=0 R=1               custo 100.00 | GAP 0.00% | rodadas 30
  rep 2 | I=0 S=0 L=0 R=1               custo 100.00 | GAP 0.00% | rodadas 30
  rep 3 | I=0 S=0 L=0 R=1               custo 100.00 | GAP 0.00% | rodadas 30

Instância 132 | ótimo 103 | inicial 1069.00
  rep 1 | I=0 S=0 L=0 R=1               custo 105.00 | GAP 1.94% | rodadas 452
  rep 2 | I=0 S=0 L=0 R=1               custo 105.00 | GAP 1.94% | rodadas 453
  rep 3 | I=0 S=0 L=0 R=1               custo 105.00 | GAP 1.94% | rodadas 460

Instância 134 | ótimo 101 | inicial 1036.00
  rep 1 | I=0 S=0 L=0 R=1               custo 104.00 | GAP 2.97% | rodadas 416
  rep 2 | I=0 S=0 L=0 R=1               custo 104.00 | GAP 2.97% | rodadas 417
  rep 3 | I=0 S=0 L=0 R=1               custo 104.00 | GAP 2.97% | rodadas 407

Instância 135 | ótimo 100 | inicial 1049.00
  rep 1 | I=0 S=0 L=0 R=1               custo 102.00 | GAP 2.00% | rodadas 419
  rep 2 | I=0 S=0 L=0 R=1               custo 102.00 | GAP 2.00% | rodadas 447
  rep 3 | I=0 S=0 L=0 R=1               custo 102.00 | GAP 2.00% | rodadas 443

Instância 137 | ótimo 101 | inicial 1132.00
  rep 1 | I=0 S=0 L=0 R=1               custo 116.00 | GAP 14.85% | rodadas 412
  rep 2 | I=0 S=0 L=0 R=1               custo 116.00 | GAP 14.85% | rodadas 415
  rep 3 | I=0 S=0 L=0 R=1               custo 116.00 | GAP 14.85% | rodadas 368

Instância 138 | ótimo 100 | inicial 1032.00
  rep 1 | I=0 S=0 L=0 R=1               custo 102.00 | GAP 2.00% | rodadas 506
  rep 2 | I=0 S=0 L=0 R=1               custo 102.00 | GAP 2.00% | rodadas 509
  rep 3 | I=0 S=0 L=0 R=1               custo 102.00 | GAP 2.00% | rodadas 510

Instância 141 | ótimo 101 | inicial 1001.00
  rep 1 | I=0 S=0 L=0 R=1               custo 102.00 | GAP 0.99% | rodadas 539
  rep 2 | I=0 S=0 L=0 R=1               custo 102.00 | GAP 0.99% | rodadas 513
  rep 3 | I=0 S=0 L=0 R=1               custo 102.00 | GAP 0.99% | rodadas 547

Instância 142 | ótimo 100 | inicial 1124.00
  rep 1 | I=0 S=0 L=0 R=1               custo 106.00 | GAP 6.00% | rodadas 481
  rep 2 | I=0 S=0 L=0 R=1               custo 106.00 | GAP 6.00% | rodadas 493
  rep 3 | I=0 S=0 L=0 R=1               custo 106.00 | GAP 6.00% | rodadas 492

Instância 143 | ótimo 100 | inicial 1090.00
  rep 1 | I=0 S=0 L=0 R=1               custo 112.00 | GAP 12.00% | rodadas 458
  rep 2 | I=0 S=0 L=0 R=1               custo 112.00 | GAP 12.00% | rodadas 458
  rep 3 | I=0 S=0 L=0 R=1               custo 112.00 | GAP 12.00% | rodadas 451

Instância 144 | ótimo 101 | inicial 1020.00
  rep 1 | I=0 S=0 L=0 R=1               custo 105.00 | GAP 3.96% | rodadas 520
  rep 2 | I=0 S=0 L=0 R=1               custo 105.00 | GAP 3.96% | rodadas 508
  rep 3 | I=0 S=0 L=0 R=1               custo 105.00 | GAP 3.96% | rodadas 487

Instância 145 | ótimo 101 | inicial 1132.00
  rep 1 | I=0 S=0 L=0 R=1               custo 103.00 | GAP 1.98% | rodadas 446
  rep 2 | I=0 S=0 L=0 R=1               custo 103.00 | GAP 1.98% | rodadas 448
  rep 3 | I=0 S=0 L=0 R=1               custo 103.00 | GAP 1.98% | rodadas 422

Instância 146 | ótimo 100 | inicial 981.00
  rep 1 | I=0 S=0 L=0 R=1               custo 113.00 | GAP 13.00% | rodadas 302
  rep 2 | I=0 S=0 L=0 R=1               custo 113.00 | GAP 13.00% | rodadas 300
  rep 3 | I=0 S=0 L=0 R=1               custo 113.00 | GAP 13.00% | rodadas 307

Instância 147 | ótimo 100 | inicial 1083.00
  rep 1 | I=0 S=0 L=0 R=1               custo 134.00 | GAP 34.00% | rodadas 351
  rep 2 | I=0 S=0 L=0 R=1               custo 134.00 | GAP 34.00% | rodadas 368
  rep 3 | I=0 S=0 L=0 R=1               custo 134.00 | GAP 34.00% | rodadas 353

Instância 148 | ótimo 101 | inicial 1077.00
  rep 1 | I=0 S=0 L=0 R=1               custo 101.00 | GAP 0.00% | rodadas 30
  rep 2 | I=0 S=0 L=0 R=1               custo 101.00 | GAP 0.00% | rodadas 30
  rep 3 | I=0 S=0 L=0 R=1               custo 101.00 | GAP 0.00% | rodadas 30

Instância 149 | ótimo 100 | inicial 985.00
  rep 1 | I=0 S=0 L=0 R=1               custo 102.00 | GAP 2.00% | rodadas 509
  rep 2 | I=0 S=0 L=0 R=1               custo 102.00 | GAP 2.00% | rodadas 509
  rep 3 | I=0 S=0 L=0 R=1               custo 102.00 | GAP 2.00% | rodadas 544

Instância 150 | ótimo 100 | inicial 1009.00
  rep 1 | I=0 S=0 L=0 R=1               custo 109.00 | GAP 9.00% | rodadas 393
  rep 2 | I=0 S=0 L=0 R=1               custo 109.00 | GAP 9.00% | rodadas 398
  rep 3 | I=0 S=0 L=0 R=1               custo 109.00 | GAP 9.00% | rodadas 395

CSV salvo em data/experiments/ablation_0.55s/i0_s0_l0_r1.csv
